<html>
<body>
<pre>
<h1>µVision Build Log</h1>
<h2>Tool Versions:</h2>
IDE-Version: µVision V5.31.0.0
Copyright (C) 2020 ARM Ltd and ARM Germany GmbH. All rights reserved.
License Information: khang democt2022@gmail.com, khang, LIC=47GU5-GIEK7-Y8GFK-ZZ0MC-XVRYS-7G1YA
 
Tool Versions:
Toolchain:       MDK-ARM Plus  Version: 5.31.0.0
Toolchain Path:  C:\Keil_v5\ARM\ARMCC\Bin
C Compiler:      Armcc.exe V5.06 update 6 (build 750)
Assembler:       Armasm.exe V5.06 update 6 (build 750)
Linker/Locator:  ArmLink.exe V5.06 update 6 (build 750)
Library Manager: ArmAr.exe V5.06 update 6 (build 750)
Hex Converter:   FromElf.exe V5.06 update 6 (build 750)
CPU DLL:         SARMCM3.DLL V5.31.0.0
Dialog DLL:      DCM.DLL V1.17.3.0
Target DLL:      STLink\ST-LINKIII-KEIL_SWO.dll V3.0.7.0
Dialog DLL:      TCM.DLL V1.46.0.0
 
<h2>Project:</h2>
D:\1. JOB\3. Project\LAB_COATING_COF\COF_COATING_MACHINE\1. Firmware\MDK-ARM\Menu.uvprojx
Project File Date:  10/04/2023

<h2>Output:</h2>
*** Using Compiler 'V5.06 update 6 (build 750)', folder: 'C:\Keil_v5\ARM\ARMCC\Bin'
Build target 'Menu'
compiling main.c...
../Core/Inc/main.h(58): warning:  #1295-D: Deprecated declaration Main_Menu - give arg types
  void Main_Menu();
../Core/Inc/main.h(59): warning:  #1295-D: Deprecated declaration Speed_Menu - give arg types
  void Speed_Menu();
../Core/Inc/main.h(60): warning:  #1295-D: Deprecated declaration COF_Menu - give arg types
  void COF_Menu();
../Core/Inc/main.h(61): warning:  #1295-D: Deprecated declaration Coating_Menu - give arg types
  void Coating_Menu();
../Core/Inc/main.h(62): warning:  #1295-D: Deprecated declaration COF_Result - give arg types
  void COF_Result();
../Core/Inc/main.h(63): warning:  #1295-D: Deprecated declaration COF_Options - give arg types
  void COF_Options();
../Core/Inc/main.h(64): warning:  #1295-D: Deprecated declaration COF_Zero - give arg types
  void COF_Zero();
../Core/Inc/main.h(65): warning:  #1295-D: Deprecated declaration COF_Speed - give arg types
  void COF_Speed();
../Core/Inc/main.h(66): warning:  #1295-D: Deprecated declaration COF_Distance - give arg types
  void COF_Distance();
../Core/Inc/main.h(67): warning:  #1295-D: Deprecated declaration resetbutton - give arg types
  void resetbutton();
../Core/Inc/main.h(69): warning:  #1295-D: Deprecated declaration HMI_Coating - give arg types
  void HMI_Coating();
../Core/Inc/main.h(70): warning:  #1295-D: Deprecated declaration HMI_Speed_Adjustment - give arg types
  void HMI_Speed_Adjustment();
../Core/Inc/ssd1306.h(238): warning:  #1295-D: Deprecated declaration ssd1306_I2C_Init - give arg types
  void ssd1306_I2C_Init();
../Core/Inc/mylan.h(24): warning:  #1-D: last line of file ends without a newline
  #endif
../Core/Src/main.c(468): warning:  #188-D: enumerated type mixed with another type
  	SSD1306_Puts("COATING - COF",&Font_7x10,0x01);
../Core/Src/main.c(470): warning:  #188-D: enumerated type mixed with another type
  	SSD1306_Puts("--------------------",&Font_7x10,0x01);
../Core/Src/main.c(472): warning:  #188-D: enumerated type mixed with another type
  	SSD1306_Puts("Coating Function",&Font_7x10,Coating_function);
../Core/Src/main.c(474): warning:  #188-D: enumerated type mixed with another type
  	SSD1306_Puts("COF Measuarament",&Font_7x10,COF_Measurament);
../Core/Src/main.c(478): warning:  #188-D: enumerated type mixed with another type
  	SSD1306_Puts("a",&Font_7x10,0x00);
../Core/Src/main.c(480): warning:  #188-D: enumerated type mixed with another type
  	SSD1306_Puts(":Up",&Font_7x10,0x01);
../Core/Src/main.c(483): warning:  #188-D: enumerated type mixed with another type
  	SSD1306_Puts("b",&Font_7x10,0x00);
../Core/Src/main.c(485): warning:  #188-D: enumerated type mixed with another type
  	SSD1306_Puts(":DWN",&Font_7x10,0x01);
../Core/Src/main.c(488): warning:  #188-D: enumerated type mixed with another type
  	SSD1306_Puts("c",&Font_7x10,0x00);
../Core/Src/main.c(490): warning:  #188-D: enumerated type mixed with another type
  	SSD1306_Puts(":<",&Font_7x10,0x01);
../Core/Src/main.c(493): warning:  #188-D: enumerated type mixed with another type
  	SSD1306_Puts("d",&Font_7x10,0x00);
../Core/Src/main.c(495): warning:  #188-D: enumerated type mixed with another type
  	SSD1306_Puts(":Ent",&Font_7x10,0x01);
../Core/Src/main.c(567): warning:  #188-D: enumerated type mixed with another type
  	SSD1306_Puts("SPEED ADJUSTMENT",&Font_7x10,0x01);
../Core/Src/main.c(569): warning:  #188-D: enumerated type mixed with another type
  	SSD1306_Puts("--------------------",&Font_7x10,0x01);
../Core/Src/main.c(571): warning:  #188-D: enumerated type mixed with another type
  	SSD1306_Puts("V=",&Font_11x18,0x01);
../Core/Src/main.c(577): warning:  #188-D: enumerated type mixed with another type
  	SSD1306_Puts(V ,&Font_11x18,0x01);
../Core/Src/main.c(579): warning:  #188-D: enumerated type mixed with another type
  	SSD1306_Puts(".",&Font_11x18,0x01);
../Core/Src/main.c(582): warning:  #188-D: enumerated type mixed with another type
  	SSD1306_Puts(R ,&Font_11x18,0x01);
../Core/Src/main.c(584): warning:  #188-D: enumerated type mixed with another type
  	SSD1306_Puts("m/min",&Font_11x18,0x01);
../Core/Src/main.c(595): warning:  #188-D: enumerated type mixed with another type
  	SSD1306_Puts("a",&Font_7x10,0x00);
../Core/Src/main.c(597): warning:  #188-D: enumerated type mixed with another type
  	SSD1306_Puts(":Up",&Font_7x10,0x01);
../Core/Src/main.c(600): warning:  #188-D: enumerated type mixed with another type
  	SSD1306_Puts("b",&Font_7x10,0x00);
../Core/Src/main.c(602): warning:  #188-D: enumerated type mixed with another type
  	SSD1306_Puts(":DWN",&Font_7x10,0x01);
../Core/Src/main.c(605): warning:  #188-D: enumerated type mixed with another type
  	SSD1306_Puts("c",&Font_7x10,0x00);
../Core/Src/main.c(607): warning:  #188-D: enumerated type mixed with another type
  	SSD1306_Puts(":<",&Font_7x10,0x01);
../Core/Src/main.c(610): warning:  #188-D: enumerated type mixed with another type
  	SSD1306_Puts("d",&Font_7x10,0x00);
../Core/Src/main.c(612): warning:  #188-D: enumerated type mixed with another type
  	SSD1306_Puts(":Ent",&Font_7x10,0x01);
../Core/Src/main.c(620): warning:  #188-D: enumerated type mixed with another type
  	SSD1306_Puts("COATING",&Font_7x10,0x01);
../Core/Src/main.c(622): warning:  #188-D: enumerated type mixed with another type
  	SSD1306_Puts("--------------------",&Font_7x10,0x01);
../Core/Src/main.c(624): warning:  #188-D: enumerated type mixed with another type
  	SSD1306_Puts("Click A: Run FWD",&Font_7x10,0x01);
../Core/Src/main.c(626): warning:  #188-D: enumerated type mixed with another type
  	SSD1306_Puts("Click B: Run BWD",&Font_7x10,0x01);
../Core/Src/main.c(628): warning:  #188-D: enumerated type mixed with another type
  	SSD1306_Puts("Click C: Stop/Back",&Font_7x10,0x01);
../Core/Src/main.c(630): warning:  #188-D: enumerated type mixed with another type
  	SSD1306_Puts("Click D: Open Menu",&Font_7x10,0x01);
../Core/Src/main.c(636): warning:  #188-D: enumerated type mixed with another type
  	SSD1306_Puts("COF Measurament",&Font_7x10,0x01);
../Core/Src/main.c(638): warning:  #188-D: enumerated type mixed with another type
  	SSD1306_Puts("--------------------",&Font_7x10,0x01);
../Core/Src/main.c(640): warning:  #188-D: enumerated type mixed with another type
  	SSD1306_Puts("Click A: Set_Home",&Font_7x10,0x01);
../Core/Src/main.c(642): warning:  #188-D: enumerated type mixed with another type
  	SSD1306_Puts("Click B: Run COF",&Font_7x10,0x01);
../Core/Src/main.c(644): warning:  #188-D: enumerated type mixed with another type
  	SSD1306_Puts("Click C: Back",&Font_7x10,0x01);
../Core/Src/main.c(646): warning:  #188-D: enumerated type mixed with another type
  	SSD1306_Puts("Click D: COF_Setup",&Font_7x10,0x01);
../Core/Src/main.c(653): warning:  #188-D: enumerated type mixed with another type
  	SSD1306_Puts("COF Measurament",&Font_7x10,0x01);
../Core/Src/main.c(655): warning:  #188-D: enumerated type mixed with another type
  	SSD1306_Puts("--------------------",&Font_7x10,0x01);
../Core/Src/main.c(668): warning:  #188-D: enumerated type mixed with another type
  	SSD1306_Puts("S.F= ",&Font_11x18,0x01);
../Core/Src/main.c(671): warning:  #188-D: enumerated type mixed with another type
  	SSD1306_Puts(V ,&Font_11x18,0x01);
../Core/Src/main.c(673): warning:  #188-D: enumerated type mixed with another type
  	SSD1306_Puts(".",&Font_11x18,0x01);
../Core/Src/main.c(678): warning:  #188-D: enumerated type mixed with another type
  		SSD1306_Puts(R ,&Font_11x18,0x01);
../Core/Src/main.c(683): warning:  #188-D: enumerated type mixed with another type
  		SSD1306_Puts("0",&Font_11x18,0x01);
../Core/Src/main.c(686): warning:  #188-D: enumerated type mixed with another type
  		SSD1306_Puts(R ,&Font_11x18,0x01);
../Core/Src/main.c(691): warning:  #188-D: enumerated type mixed with another type
  		SSD1306_Puts("00",&Font_11x18,0x01);
../Core/Src/main.c(694): warning:  #188-D: enumerated type mixed with another type
  		SSD1306_Puts(R ,&Font_11x18,0x01);
../Core/Src/main.c(698): warning:  #188-D: enumerated type mixed with another type
  	SSD1306_Puts("K.F= ",&Font_11x18,0x01);
../Core/Src/main.c(701): warning:  #188-D: enumerated type mixed with another type
  	SSD1306_Puts(V ,&Font_11x18,0x01);
../Core/Src/main.c(703): warning:  #188-D: enumerated type mixed with another type
  	SSD1306_Puts(".",&Font_11x18,0x01);
../Core/Src/main.c(708): warning:  #188-D: enumerated type mixed with another type
  		SSD1306_Puts(R ,&Font_11x18,0x01);
../Core/Src/main.c(713): warning:  #188-D: enumerated type mixed with another type
  		SSD1306_Puts("0" ,&Font_11x18,0x01);
../Core/Src/main.c(716): warning:  #188-D: enumerated type mixed with another type
  		SSD1306_Puts(R ,&Font_11x18,0x01);
../Core/Src/main.c(721): warning:  #188-D: enumerated type mixed with another type
  		SSD1306_Puts("00" ,&Font_11x18,0x01);
../Core/Src/main.c(724): warning:  #188-D: enumerated type mixed with another type
  		SSD1306_Puts(R ,&Font_11x18,0x01);
../Core/Src/main.c(735): warning:  #188-D: enumerated type mixed with another type
  	SSD1306_Puts("COF Measurament",&Font_7x10,0x01);
../Core/Src/main.c(737): warning:  #188-D: enumerated type mixed with another type
  	SSD1306_Puts("--------------------",&Font_7x10,0x01);
../Core/Src/main.c(741): warning:  #188-D: enumerated type mixed with another type
  	SSD1306_Puts("SETTING",&Font_11x18,0x01);
../Core/Src/main.c(743): warning:  #188-D: enumerated type mixed with another type
  	SSD1306_Puts("HOME...",&Font_11x18,0x01);
../Core/Src/main.c(749): warning:  #188-D: enumerated type mixed with another type
  	SSD1306_Puts("COF Measurament",&Font_7x10,0x01);
../Core/Src/main.c(751): warning:  #188-D: enumerated type mixed with another type
  	SSD1306_Puts("--------------------",&Font_7x10,0x01);
../Core/Src/main.c(756): warning:  #188-D: enumerated type mixed with another type
  		SSD1306_Puts("SetHOME",&Font_11x18,0x01);
../Core/Src/main.c(758): warning:  #188-D: enumerated type mixed with another type
  		SSD1306_Puts("First",&Font_11x18,0x01);
../Core/Src/main.c(762): warning:  #188-D: enumerated type mixed with another type
  		SSD1306_Puts("                         ",&Font_11x18,0x01);
../Core/Src/main.c(764): warning:  #188-D: enumerated type mixed with another type
  		SSD1306_Puts("                        ",&Font_11x18,0x01);
../Core/Src/main.c(776): warning:  #188-D: enumerated type mixed with another type
  	SSD1306_Puts("COF Measurament",&Font_7x10,0x01);
../Core/Src/main.c(778): warning:  #188-D: enumerated type mixed with another type
  	SSD1306_Puts("--------------------",&Font_7x10,0x01);
../Core/Src/main.c(783): warning:  #188-D: enumerated type mixed with another type
  		SSD1306_Puts("You Are",&Font_11x18,0x01);
../Core/Src/main.c(785): warning:  #188-D: enumerated type mixed with another type
  		SSD1306_Puts("At Home",&Font_11x18,0x01);
../Core/Src/main.c(789): warning:  #188-D: enumerated type mixed with another type
  		SSD1306_Puts("                         ",&Font_11x18,0x01);
../Core/Src/main.c(791): warning:  #188-D: enumerated type mixed with another type
  		SSD1306_Puts("                        ",&Font_11x18,0x01);
../Core/Src/main.c(800): warning:  #188-D: enumerated type mixed with another type
  	SSD1306_Puts("COF SETTING",&Font_7x10,0x01);
../Core/Src/main.c(802): warning:  #188-D: enumerated type mixed with another type
  	SSD1306_Puts("--------------------",&Font_7x10,0x01);
../Core/Src/main.c(804): warning:  #188-D: enumerated type mixed with another type
  	SSD1306_Puts("Change COF Speed",&Font_7x10,Change_COF_Speed);
../Core/Src/main.c(806): warning:  #188-D: enumerated type mixed with another type
  	SSD1306_Puts("Change Distance",&Font_7x10,Change_COF_Distance);
../Core/Src/main.c(808): warning:  #188-D: enumerated type mixed with another type
  	SSD1306_Puts("Set Zero",&Font_7x10,Set_Zero);
../Core/Src/main.c(819): warning:  #188-D: enumerated type mixed with another type
  	SSD1306_Puts("SET ZERO",&Font_7x10,0x01);
../Core/Src/main.c(821): warning:  #188-D: enumerated type mixed with another type
  	SSD1306_Puts("--------------------",&Font_7x10,0x01);
../Core/Src/main.c(824): warning:  #188-D: enumerated type mixed with another type
  	SSD1306_Puts("Make sure pull",&Font_7x10,0x01);
../Core/Src/main.c(826): warning:  #188-D: enumerated type mixed with another type
  	SSD1306_Puts("Cable is loose",&Font_7x10,0x01);
../Core/Src/main.c(829): warning:  #188-D: enumerated type mixed with another type
  	SSD1306_Puts("D:Yes",&Font_7x10,0x01);
../Core/Src/main.c(831): warning:  #188-D: enumerated type mixed with another type
  	SSD1306_Puts("C:Back",&Font_7x10,0x01);
../Core/Src/main.c(837): warning:  #188-D: enumerated type mixed with another type
  	SSD1306_Puts("NOTIFICATION",&Font_7x10,0x01);
../Core/Src/main.c(839): warning:  #188-D: enumerated type mixed with another type
  	SSD1306_Puts("--------------------",&Font_7x10,0x01);
../Core/Src/main.c(842): warning:  #188-D: enumerated type mixed with another type
  	SSD1306_Puts("Successful",&Font_7x10,0x01);
../Core/Src/main.c(846): warning:  #188-D: enumerated type mixed with another type
  	SSD1306_Puts("Restarting",&Font_7x10,0x01);
../Core/Src/main.c(850): warning:  #188-D: enumerated type mixed with another type
  	SSD1306_Puts("",&Font_7x10,0x01);
../Core/Src/main.c(854): warning:  #188-D: enumerated type mixed with another type
  	SSD1306_Puts(".",&Font_7x10,0x01);
../Core/Src/main.c(858): warning:  #188-D: enumerated type mixed with another type
  	SSD1306_Puts("..",&Font_7x10,0x01);
../Core/Src/main.c(862): warning:  #188-D: enumerated type mixed with another type
  	SSD1306_Puts("...",&Font_7x10,0x01);
../Core/Src/main.c(866): warning:  #188-D: enumerated type mixed with another type
  	SSD1306_Puts("....",&Font_7x10,0x01);
../Core/Src/main.c(870): warning:  #188-D: enumerated type mixed with another type
  	SSD1306_Puts(".....",&Font_7x10,0x01);
../Core/Src/main.c(874): warning:  #188-D: enumerated type mixed with another type
  	SSD1306_Puts("......",&Font_7x10,0x01);
../Core/Src/main.c(878): warning:  #188-D: enumerated type mixed with another type
  	SSD1306_Puts(".......",&Font_7x10,0x01);
../Core/Src/main.c(882): warning:  #188-D: enumerated type mixed with another type
  	SSD1306_Puts("........",&Font_7x10,0x01);
../Core/Src/main.c(886): warning:  #188-D: enumerated type mixed with another type
  	SSD1306_Puts(".........",&Font_7x10,0x01);
../Core/Src/main.c(890): warning:  #188-D: enumerated type mixed with another type
  	SSD1306_Puts("..........",&Font_7x10,0x01);
../Core/Src/main.c(898): warning:  #188-D: enumerated type mixed with another type
  	SSD1306_Puts("COF SPEED",&Font_7x10,0x01);
../Core/Src/main.c(900): warning:  #188-D: enumerated type mixed with another type
  	SSD1306_Puts("--------------------",&Font_7x10,0x01);
../Core/Src/main.c(902): warning:  #188-D: enumerated type mixed with another type
  	SSD1306_Puts("V=",&Font_11x18,0x01);
../Core/Src/main.c(908): warning:  #188-D: enumerated type mixed with another type
  	SSD1306_Puts(V ,&Font_11x18,0x01);
../Core/Src/main.c(910): warning:  #188-D: enumerated type mixed with another type
  	SSD1306_Puts(".",&Font_11x18,0x01);
../Core/Src/main.c(913): warning:  #188-D: enumerated type mixed with another type
  	SSD1306_Puts(R ,&Font_11x18,0x01);
../Core/Src/main.c(915): warning:  #188-D: enumerated type mixed with another type
  	SSD1306_Puts("m/min",&Font_7x10,0x01);
../Core/Src/main.c(926): warning:  #188-D: enumerated type mixed with another type
  	SSD1306_Puts("a",&Font_7x10,0x00);
../Core/Src/main.c(928): warning:  #188-D: enumerated type mixed with another type
  	SSD1306_Puts(":Up",&Font_7x10,0x01);
../Core/Src/main.c(931): warning:  #188-D: enumerated type mixed with another type
  	SSD1306_Puts("b",&Font_7x10,0x00);
../Core/Src/main.c(933): warning:  #188-D: enumerated type mixed with another type
  	SSD1306_Puts(":DWN",&Font_7x10,0x01);
../Core/Src/main.c(936): warning:  #188-D: enumerated type mixed with another type
  	SSD1306_Puts("c",&Font_7x10,0x00);
../Core/Src/main.c(938): warning:  #188-D: enumerated type mixed with another type
  	SSD1306_Puts(":<",&Font_7x10,0x01);
../Core/Src/main.c(941): warning:  #188-D: enumerated type mixed with another type
  	SSD1306_Puts("d",&Font_7x10,0x00);
../Core/Src/main.c(943): warning:  #188-D: enumerated type mixed with another type
  	SSD1306_Puts(":Ent",&Font_7x10,0x01);
../Core/Src/main.c(950): warning:  #188-D: enumerated type mixed with another type
  	SSD1306_Puts("COF DISTANCE",&Font_7x10,0x01);
../Core/Src/main.c(952): warning:  #188-D: enumerated type mixed with another type
  	SSD1306_Puts("--------------------",&Font_7x10,0x01);
../Core/Src/main.c(954): warning:  #188-D: enumerated type mixed with another type
  	SSD1306_Puts("S=",&Font_11x18,0x01);
../Core/Src/main.c(960): warning:  #188-D: enumerated type mixed with another type
  	SSD1306_Puts(COF_Dis ,&Font_11x18,0x01);
../Core/Src/main.c(963): warning:  #188-D: enumerated type mixed with another type
  	SSD1306_Puts("mm",&Font_7x10,0x01);
../Core/Src/main.c(966): warning:  #188-D: enumerated type mixed with another type
  	SSD1306_Puts("a",&Font_7x10,0x00);
../Core/Src/main.c(968): warning:  #188-D: enumerated type mixed with another type
  	SSD1306_Puts(":Up",&Font_7x10,0x01);
../Core/Src/main.c(971): warning:  #188-D: enumerated type mixed with another type
  	SSD1306_Puts("b",&Font_7x10,0x00);
../Core/Src/main.c(973): warning:  #188-D: enumerated type mixed with another type
  	SSD1306_Puts(":DWN",&Font_7x10,0x01);
../Core/Src/main.c(976): warning:  #188-D: enumerated type mixed with another type
  	SSD1306_Puts("c",&Font_7x10,0x00);
../Core/Src/main.c(978): warning:  #188-D: enumerated type mixed with another type
  	SSD1306_Puts(":<",&Font_7x10,0x01);
../Core/Src/main.c(981): warning:  #188-D: enumerated type mixed with another type
  	SSD1306_Puts("d",&Font_7x10,0x00);
../Core/Src/main.c(983): warning:  #188-D: enumerated type mixed with another type
  	SSD1306_Puts(":Ent",&Font_7x10,0x01);
../Core/Src/main.c(2079): warning:  #188-D: enumerated type mixed with another type
  	SSD1306_Puts("Formulating",&Font_7x10,0x01);
../Core/Src/main.c(2081): warning:  #188-D: enumerated type mixed with another type
  	SSD1306_Puts("A Greener World",&Font_7x10,0x01);
../Core/Src/main.c: 143 warnings, 0 errors
linking...
Program Size: Code=46848 RO-data=7048 RW-data=720 ZI-data=17976  
FromELF: creating hex file...
"Menu\Menu.axf" - 0 Error(s), 143 Warning(s).

<h2>Software Packages used:</h2>

Package Vendor: ARM
                http://www.keil.com/pack/ARM.CMSIS.5.7.0.pack
                ARM.CMSIS.5.7.0
                CMSIS (Cortex Microcontroller Software Interface Standard)
   * Component: CORE Version: 5.4.0

Package Vendor: Keil
                http://www.keil.com/pack/Keil.STM32F1xx_DFP.2.4.0.pack
                Keil.STM32F1xx_DFP.2.4.0
                STMicroelectronics STM32F1 Series Device Support, Drivers and Examples

<h2>Collection of Component include folders:</h2>
  .\RTE\_Menu
  C:\Users\democ\AppData\Local\Arm\Packs\ARM\CMSIS\5.7.0\CMSIS\Core\Include
  C:\Users\democ\AppData\Local\Arm\Packs\Keil\STM32F1xx_DFP\2.4.0\Device\Include

<h2>Collection of Component Files used:</h2>

   * Component: ARM::CMSIS:CORE:5.4.0
Build Time Elapsed:  00:00:01
</pre>
</body>
</html>
