<html>
<body>
<pre>
<h1>µVision Build Log</h1>
<h2>Tool Versions:</h2>
IDE-Version: µVision V5.31.0.0
Copyright (C) 2020 ARM Ltd and ARM Germany GmbH. All rights reserved.
License Information: Khang tran, 4ndykhang, LIC=SDA0P-MFUPQ-CXZU6-DS1JN-HEEBV-VVH11
 
Tool Versions:
Toolchain:       MDK-ARM Plus  Version: 5.31.0.0
Toolchain Path:  C:\Keil_v5\ARM\ARMCC\Bin
C Compiler:      Armcc.exe V5.06 update 6 (build 750)
Assembler:       Armasm.exe V5.06 update 6 (build 750)
Linker/Locator:  ArmLink.exe V5.06 update 6 (build 750)
Library Manager: ArmAr.exe V5.06 update 6 (build 750)
Hex Converter:   FromElf.exe V5.06 update 6 (build 750)
CPU DLL:         SARMCM3.DLL V5.31.0.0
Dialog DLL:      DCM.DLL V1.17.3.0
Target DLL:      STLink\ST-LINKIII-KEIL_SWO.dll V3.0.7.0
Dialog DLL:      TCM.DLL V1.46.0.0
 
<h2>Project:</h2>
D:\5. Project\LAB_COATING_COF\1. Firmware\MDK-ARM\Menu.uvprojx
Project File Date:  05/29/2023

<h2>Output:</h2>
*** Using Compiler 'V5.06 update 6 (build 750)', folder: 'C:\Keil_v5\ARM\ARMCC\Bin'
Build target 'Menu'
compiling usbd_cdc_if.c...
../Core/Inc/main.h(58): warning:  #1295-D: Deprecated declaration Main_Menu - give arg types
  void Main_Menu();
../Core/Inc/main.h(59): warning:  #1295-D: Deprecated declaration Speed_Menu - give arg types
  void Speed_Menu();
../Core/Inc/main.h(60): warning:  #1295-D: Deprecated declaration COF_Menu - give arg types
  void COF_Menu();
../Core/Inc/main.h(61): warning:  #1295-D: Deprecated declaration Coating_Menu - give arg types
  void Coating_Menu();
../Core/Inc/main.h(62): warning:  #1295-D: Deprecated declaration COF_Result - give arg types
  void COF_Result();
../Core/Inc/main.h(63): warning:  #1295-D: Deprecated declaration COF_Options - give arg types
  void COF_Options();
../Core/Inc/main.h(64): warning:  #1295-D: Deprecated declaration COF_Zero - give arg types
  void COF_Zero();
../Core/Inc/main.h(65): warning:  #1295-D: Deprecated declaration COF_Speed - give arg types
  void COF_Speed();
../Core/Inc/main.h(66): warning:  #1295-D: Deprecated declaration COF_Distance - give arg types
  void COF_Distance();
../Core/Inc/main.h(67): warning:  #1295-D: Deprecated declaration resetbutton - give arg types
  void resetbutton();
../Core/Inc/main.h(69): warning:  #1295-D: Deprecated declaration HMI_Coating - give arg types
  void HMI_Coating();
../Core/Inc/main.h(70): warning:  #1295-D: Deprecated declaration HMI_Speed_Adjustment - give arg types
  void HMI_Speed_Adjustment();
../Core/Inc/ssd1306.h(238): warning:  #1295-D: Deprecated declaration ssd1306_I2C_Init - give arg types
  void ssd1306_I2C_Init();
../USB_DEVICE/App/usbd_cdc_if.c(335): warning:  #177-D: variable "datasize"  was declared but never referenced
  		int datasize = sizeof(UsbData)/sizeof(UsbData[0]);
../USB_DEVICE/App/usbd_cdc_if.c: 14 warnings, 0 errors
linking...
Program Size: Code=46848 RO-data=7048 RW-data=720 ZI-data=17976  
FromELF: creating hex file...
"Menu\Menu.axf" - 0 Error(s), 14 Warning(s).

<h2>Software Packages used:</h2>

Package Vendor: ARM
                http://www.keil.com/pack/ARM.CMSIS.5.7.0.pack
                ARM.CMSIS.5.7.0
                CMSIS (Cortex Microcontroller Software Interface Standard)
   * Component: CORE Version: 5.4.0

Package Vendor: Keil
                http://www.keil.com/pack/Keil.STM32F1xx_DFP.2.4.0.pack
                Keil.STM32F1xx_DFP.2.4.0
                STMicroelectronics STM32F1 Series Device Support, Drivers and Examples

<h2>Collection of Component include folders:</h2>
  .\RTE\_Menu
  C:\Users\khang.tran\AppData\Local\Arm\Packs\ARM\CMSIS\5.7.0\CMSIS\Core\Include
  C:\Users\khang.tran\AppData\Local\Arm\Packs\Keil\STM32F1xx_DFP\2.4.0\Device\Include

<h2>Collection of Component Files used:</h2>

   * Component: ARM::CMSIS:CORE:5.4.0
Build Time Elapsed:  00:00:01
</pre>
</body>
</html>
