Component: ARM Compiler 5.06 update 6 (build 750) Tool: armlink [4d35ed]

==============================================================================

Section Cross References

    startup_stm32f103xb.o(STACK) refers (Special) to heapauxi.o(.text) for __use_two_region_memory
    startup_stm32f103xb.o(HEAP) refers (Special) to heapauxi.o(.text) for __use_two_region_memory
    startup_stm32f103xb.o(RESET) refers (Special) to heapauxi.o(.text) for __use_two_region_memory
    startup_stm32f103xb.o(RESET) refers to startup_stm32f103xb.o(STACK) for __initial_sp
    startup_stm32f103xb.o(RESET) refers to startup_stm32f103xb.o(.text) for Reset_Handler
    startup_stm32f103xb.o(RESET) refers to stm32f1xx_it.o(i.NMI_Handler) for NMI_Handler
    startup_stm32f103xb.o(RESET) refers to stm32f1xx_it.o(i.HardFault_Handler) for HardFault_Handler
    startup_stm32f103xb.o(RESET) refers to stm32f1xx_it.o(i.MemManage_Handler) for MemManage_Handler
    startup_stm32f103xb.o(RESET) refers to stm32f1xx_it.o(i.BusFault_Handler) for BusFault_Handler
    startup_stm32f103xb.o(RESET) refers to stm32f1xx_it.o(i.UsageFault_Handler) for UsageFault_Handler
    startup_stm32f103xb.o(RESET) refers to stm32f1xx_it.o(i.SVC_Handler) for SVC_Handler
    startup_stm32f103xb.o(RESET) refers to stm32f1xx_it.o(i.DebugMon_Handler) for DebugMon_Handler
    startup_stm32f103xb.o(RESET) refers to stm32f1xx_it.o(i.PendSV_Handler) for PendSV_Handler
    startup_stm32f103xb.o(RESET) refers to stm32f1xx_it.o(i.SysTick_Handler) for SysTick_Handler
    startup_stm32f103xb.o(RESET) refers to stm32f1xx_it.o(i.EXTI2_IRQHandler) for EXTI2_IRQHandler
    startup_stm32f103xb.o(RESET) refers to stm32f1xx_it.o(i.EXTI3_IRQHandler) for EXTI3_IRQHandler
    startup_stm32f103xb.o(RESET) refers to stm32f1xx_it.o(i.EXTI4_IRQHandler) for EXTI4_IRQHandler
    startup_stm32f103xb.o(RESET) refers to stm32f1xx_it.o(i.USB_LP_CAN1_RX0_IRQHandler) for USB_LP_CAN1_RX0_IRQHandler
    startup_stm32f103xb.o(RESET) refers to stm32f1xx_it.o(i.EXTI9_5_IRQHandler) for EXTI9_5_IRQHandler
    startup_stm32f103xb.o(RESET) refers to stm32f1xx_it.o(i.TIM1_CC_IRQHandler) for TIM1_CC_IRQHandler
    startup_stm32f103xb.o(RESET) refers to stm32f1xx_it.o(i.TIM2_IRQHandler) for TIM2_IRQHandler
    startup_stm32f103xb.o(RESET) refers to stm32f1xx_it.o(i.TIM3_IRQHandler) for TIM3_IRQHandler
    startup_stm32f103xb.o(RESET) refers to stm32f1xx_it.o(i.USART1_IRQHandler) for USART1_IRQHandler
    startup_stm32f103xb.o(.text) refers (Special) to heapauxi.o(.text) for __use_two_region_memory
    startup_stm32f103xb.o(.text) refers to system_stm32f1xx.o(i.SystemInit) for SystemInit
    startup_stm32f103xb.o(.text) refers to __main.o(!!!main) for __main
    startup_stm32f103xb.o(.text) refers to startup_stm32f103xb.o(HEAP) for Heap_Mem
    startup_stm32f103xb.o(.text) refers to startup_stm32f103xb.o(STACK) for Stack_Mem
    fonts.o(i.FONTS_GetStringSize) refers to strlen.o(.text) for strlen
    fonts.o(.data) refers to fonts.o(.constdata) for Font7x10
    fonts.o(.data) refers to fonts.o(.constdata) for Font11x18
    fonts.o(.data) refers to fonts.o(.constdata) for Font16x26
    test.o(i.TestCircles) refers to ssd1306.o(i.SSD1306_Clear) for SSD1306_Clear
    test.o(i.TestCircles) refers to ssd1306.o(i.SSD1306_DrawCircle) for SSD1306_DrawCircle
    test.o(i.TestCircles) refers to ssd1306.o(i.SSD1306_UpdateScreen) for SSD1306_UpdateScreen
    test.o(i.TestCircles) refers to stm32f1xx_hal.o(i.HAL_Delay) for HAL_Delay
    test.o(i.TestFilledCircles) refers to ssd1306.o(i.SSD1306_Clear) for SSD1306_Clear
    test.o(i.TestFilledCircles) refers to ssd1306.o(i.SSD1306_DrawFilledCircle) for SSD1306_DrawFilledCircle
    test.o(i.TestFilledCircles) refers to ssd1306.o(i.SSD1306_UpdateScreen) for SSD1306_UpdateScreen
    test.o(i.TestFilledCircles) refers to stm32f1xx_hal.o(i.HAL_Delay) for HAL_Delay
    test.o(i.TestFilledRectangles) refers to ssd1306.o(i.SSD1306_Clear) for SSD1306_Clear
    test.o(i.TestFilledRectangles) refers to ssd1306.o(i.SSD1306_DrawFilledRectangle) for SSD1306_DrawFilledRectangle
    test.o(i.TestFilledRectangles) refers to ssd1306.o(i.SSD1306_UpdateScreen) for SSD1306_UpdateScreen
    test.o(i.TestFilledRectangles) refers to stm32f1xx_hal.o(i.HAL_Delay) for HAL_Delay
    test.o(i.TestLines) refers to ssd1306.o(i.SSD1306_Clear) for SSD1306_Clear
    test.o(i.TestLines) refers to ssd1306.o(i.SSD1306_DrawLine) for SSD1306_DrawLine
    test.o(i.TestLines) refers to stm32f1xx_hal.o(i.HAL_Delay) for HAL_Delay
    test.o(i.TestLines) refers to ssd1306.o(i.SSD1306_UpdateScreen) for SSD1306_UpdateScreen
    test.o(i.TestRectangles) refers to ssd1306.o(i.SSD1306_Clear) for SSD1306_Clear
    test.o(i.TestRectangles) refers to ssd1306.o(i.SSD1306_DrawRectangle) for SSD1306_DrawRectangle
    test.o(i.TestRectangles) refers to ssd1306.o(i.SSD1306_UpdateScreen) for SSD1306_UpdateScreen
    test.o(i.TestRectangles) refers to stm32f1xx_hal.o(i.HAL_Delay) for HAL_Delay
[...]
    USBD_CDC_TransmitPacket                  0x08007c31   Thumb Code    56  usbd_cdc.o(i.USBD_CDC_TransmitPacket)
    USBD_ClrClassConfig                      0x08007c69   Thumb Code    14  usbd_core.o(i.USBD_ClrClassConfig)
    USBD_CtlContinueRx                       0x08007c9d   Thumb Code    16  usbd_ioreq.o(i.USBD_CtlContinueRx)
    USBD_CtlContinueSendData                 0x08007cad   Thumb Code    16  usbd_ioreq.o(i.USBD_CtlContinueSendData)
    USBD_CtlError                            0x08007cbd   Thumb Code    24  usbd_ctlreq.o(i.USBD_CtlError)
    USBD_CtlPrepareRx                        0x08007cd5   Thumb Code    30  usbd_ioreq.o(i.USBD_CtlPrepareRx)
    USBD_CtlReceiveStatus                    0x08007cf3   Thumb Code    22  usbd_ioreq.o(i.USBD_CtlReceiveStatus)
    USBD_CtlSendData                         0x08007d09   Thumb Code    26  usbd_ioreq.o(i.USBD_CtlSendData)
    USBD_CtlSendStatus                       0x08007d23   Thumb Code    22  usbd_ioreq.o(i.USBD_CtlSendStatus)
    USBD_FS_ConfigStrDescriptor              0x08007d39   Thumb Code    32  usbd_desc.o(i.USBD_FS_ConfigStrDescriptor)
    USBD_FS_DeviceDescriptor                 0x08007d69   Thumb Code     8  usbd_desc.o(i.USBD_FS_DeviceDescriptor)
    USBD_FS_InterfaceStrDescriptor           0x08007d75   Thumb Code    32  usbd_desc.o(i.USBD_FS_InterfaceStrDescriptor)
    USBD_FS_LangIDStrDescriptor              0x08007da9   Thumb Code     8  usbd_desc.o(i.USBD_FS_LangIDStrDescriptor)
    USBD_FS_ManufacturerStrDescriptor        0x08007db5   Thumb Code    16  usbd_desc.o(i.USBD_FS_ManufacturerStrDescriptor)
    USBD_FS_ProductStrDescriptor             0x08007ddd   Thumb Code    32  usbd_desc.o(i.USBD_FS_ProductStrDescriptor)
    USBD_FS_SerialStrDescriptor              0x08007e19   Thumb Code    14  usbd_desc.o(i.USBD_FS_SerialStrDescriptor)
    USBD_GetString                           0x08008059   Thumb Code    68  usbd_ctlreq.o(i.USBD_GetString)
    USBD_Init                                0x080080c1   Thumb Code    44  usbd_core.o(i.USBD_Init)
    USBD_LL_ClearStallEP                     0x080080ed   Thumb Code    18  usbd_conf.o(i.USBD_LL_ClearStallEP)
    USBD_LL_CloseEP                          0x080080ff   Thumb Code    18  usbd_conf.o(i.USBD_LL_CloseEP)
    USBD_LL_DataInStage                      0x08008111   Thumb Code   214  usbd_core.o(i.USBD_LL_DataInStage)
    USBD_LL_DataOutStage                     0x080081e7   Thumb Code   138  usbd_core.o(i.USBD_LL_DataOutStage)
    USBD_LL_GetRxDataSize                    0x08008271   Thumb Code     8  usbd_conf.o(i.USBD_LL_GetRxDataSize)
    USBD_LL_Init                             0x08008279   Thumb Code   122  usbd_conf.o(i.USBD_LL_Init)
    USBD_LL_IsStallEP                        0x080082fd   Thumb Code    34  usbd_conf.o(i.USBD_LL_IsStallEP)
    USBD_LL_OpenEP                           0x0800831f   Thumb Code    24  usbd_conf.o(i.USBD_LL_OpenEP)
    USBD_LL_PrepareReceive                   0x08008337   Thumb Code    18  usbd_conf.o(i.USBD_LL_PrepareReceive)
    USBD_LL_Reset                            0x08008349   Thumb Code    82  usbd_core.o(i.USBD_LL_Reset)
    USBD_LL_Resume                           0x0800839b   Thumb Code    20  usbd_core.o(i.USBD_LL_Resume)
    USBD_LL_SOF                              0x080083af   Thumb Code    24  usbd_core.o(i.USBD_LL_SOF)
    USBD_LL_SetSpeed                         0x080083c7   Thumb Code     6  usbd_core.o(i.USBD_LL_SetSpeed)
    USBD_LL_SetUSBAddress                    0x080083cd   Thumb Code    18  usbd_conf.o(i.USBD_LL_SetUSBAddress)
    USBD_LL_SetupStage                       0x080083df   Thumb Code    94  usbd_core.o(i.USBD_LL_SetupStage)
    USBD_LL_StallEP                          0x0800843d   Thumb Code    18  usbd_conf.o(i.USBD_LL_StallEP)
    USBD_LL_Start                            0x0800844f   Thumb Code    18  usbd_conf.o(i.USBD_LL_Start)
    USBD_LL_Suspend                          0x08008461   Thumb Code    18  usbd_core.o(i.USBD_LL_Suspend)
    USBD_LL_Transmit                         0x08008473   Thumb Code    18  usbd_conf.o(i.USBD_LL_Transmit)
    USBD_ParseSetupRequest                   0x08008485   Thumb Code    40  usbd_ctlreq.o(i.USBD_ParseSetupRequest)
    USBD_RegisterClass                       0x080084ad   Thumb Code    18  usbd_core.o(i.USBD_RegisterClass)
    USBD_RunTestMode                         0x080084bf   Thumb Code     4  usbd_core.o(i.USBD_RunTestMode)
    USBD_SetClassConfig                      0x0800851b   Thumb Code    24  usbd_core.o(i.USBD_SetClassConfig)
    USBD_Start                               0x08008611   Thumb Code    10  usbd_core.o(i.USBD_Start)
    USBD_StdDevReq                           0x0800861b   Thumb Code   128  usbd_ctlreq.o(i.USBD_StdDevReq)
    USBD_StdEPReq                            0x0800869b   Thumb Code   496  usbd_ctlreq.o(i.USBD_StdEPReq)
    USBD_StdItfReq                           0x0800888b   Thumb Code   106  usbd_ctlreq.o(i.USBD_StdItfReq)
    USBD_static_free                         0x080088f5   Thumb Code     2  usbd_conf.o(i.USBD_static_free)
    USBD_static_malloc                       0x080088f9   Thumb Code     4  usbd_conf.o(i.USBD_static_malloc)
    USB_ActivateEndpoint                     0x08008901   Thumb Code   600  stm32f1xx_ll_usb.o(i.USB_ActivateEndpoint)
    USB_CoreInit                             0x08008b59   Thumb Code     4  stm32f1xx_ll_usb.o(i.USB_CoreInit)
    USB_DeactivateEndpoint                   0x08008b5d   Thumb Code   270  stm32f1xx_ll_usb.o(i.USB_DeactivateEndpoint)
    USB_DevConnect                           0x08008c6b   Thumb Code     4  stm32f1xx_ll_usb.o(i.USB_DevConnect)
    USB_DevDisconnect                        0x08008c6f   Thumb Code     4  stm32f1xx_ll_usb.o(i.USB_DevDisconnect)
    USB_DevInit                              0x08008c73   Thumb Code    18  stm32f1xx_ll_usb.o(i.USB_DevInit)
    USB_DisableGlobalInt                     0x08008c85   Thumb Code    14  stm32f1xx_ll_usb.o(i.USB_DisableGlobalInt)
    USB_EP0_OutStart                         0x08008c93   Thumb Code     4  stm32f1xx_ll_usb.o(i.USB_EP0_OutStart)
    USB_EPClearStall                         0x08008c97   Thumb Code   120  stm32f1xx_ll_usb.o(i.USB_EPClearStall)
    USB_EPSetStall                           0x08008d0f   Thumb Code    50  stm32f1xx_ll_usb.o(i.USB_EPSetStall)
    USB_EPStartXfer                          0x08008d41   Thumb Code  1548  stm32f1xx_ll_usb.o(i.USB_EPStartXfer)
    USB_EnableGlobalInt                      0x0800934d   Thumb Code    18  stm32f1xx_ll_usb.o(i.USB_EnableGlobalInt)
    USB_LP_CAN1_RX0_IRQHandler               0x08009361   Thumb Code     6  stm32f1xx_it.o(i.USB_LP_CAN1_RX0_IRQHandler)
    USB_ReadInterrupts                       0x0800936d   Thumb Code     6  stm32f1xx_ll_usb.o(i.USB_ReadInterrupts)
    USB_ReadPMA                              0x08009375   Thumb Code    44  stm32f1xx_ll_usb.o(i.USB_ReadPMA)
    USB_SetCurrentMode                       0x080093a1   Thumb Code     4  stm32f1xx_ll_usb.o(i.USB_SetCurrentMode)
    USB_SetDevAddress                        0x080093a5   Thumb Code    12  stm32f1xx_ll_usb.o(i.USB_SetDevAddress)
    USB_WritePMA                             0x080093b1   Thumb Code    38  stm32f1xx_ll_usb.o(i.USB_WritePMA)
    UsageFault_Handler                       0x080093d7   Thumb Code     2  stm32f1xx_it.o(i.UsageFault_Handler)
    __ARM_fpclassify                         0x080093d9   Thumb Code    40  fpclassify.o(i.__ARM_fpclassify)
    __kernel_poly                            0x08009421   Thumb Code   170  poly.o(i.__kernel_poly)
    __mathlib_dbl_divzero                    0x080094cd   Thumb Code    12  dunder.o(i.__mathlib_dbl_divzero)
    __mathlib_dbl_infnan2                    0x080094dd   Thumb Code     4  dunder.o(i.__mathlib_dbl_infnan2)
    __mathlib_dbl_invalid                    0x080094e1   Thumb Code    12  dunder.o(i.__mathlib_dbl_invalid)
    __mathlib_dbl_overflow                   0x080094ed   Thumb Code    14  dunder.o(i.__mathlib_dbl_overflow)
    __mathlib_dbl_underflow                  0x080094fd   Thumb Code    10  dunder.o(i.__mathlib_dbl_underflow)
    __mathlib_narrow                         0x0800950d   Thumb Code    16  narrow.o(i.__mathlib_narrow)
    __mathlib_tofloat                        0x0800951d   Thumb Code   184  narrow.o(i.__mathlib_tofloat)
    __support_ldexp                          0x080095d9   Thumb Code    22  ldexp.o(i.__support_ldexp)
    _is_digit                                0x080095ef   Thumb Code    14  __printf_wp.o(i._is_digit)
    crc16                                    0x080095fd   Thumb Code    40  modbus_crc.o(i.crc16)
    fmod                                     0x08009629   Thumb Code   144  fmod.o(i.fmod)
    frexp                                    0x080096bd   Thumb Code    80  frexp.o(i.frexp)
    ldexp                                    0x08009715   Thumb Code   116  ldexp.o(i.ldexp)
    main                                     0x08009789   Thumb Code   278  main.o(i.main)
    pow                                      0x080098ed   Thumb Code  2512  pow.o(i.pow)
    resetbutton                              0x0800a2c5   Thumb Code    14  main.o(i.resetbutton)
    sqrt                                     0x0800a2d9   Thumb Code    76  sqrt.o(i.sqrt)
    ssd1306_I2C_Init                         0x0800a325   Thumb Code     8  ssd1306.o(i.ssd1306_I2C_Init)
    ssd1306_I2C_Write                        0x0800a331   Thumb Code    28  ssd1306.o(i.ssd1306_I2C_Write)
    ssd1306_I2C_WriteMulti                   0x0800a351   Thumb Code    50  ssd1306.o(i.ssd1306_I2C_WriteMulti)
    strtof                                   0x0800a389   Thumb Code    20  strtof.o(i.strtof)
    _get_lc_ctype                            0x0800a39d   Thumb Code    44  lc_ctype_c.o(locale$$code)
    _get_lc_numeric                          0x0800a3c9   Thumb Code    44  lc_numeric_c.o(locale$$code)
    __aeabi_d2f                              0x0800a3f5   Thumb Code     0  d2f.o(x$fpl$d2f)
    _d2f                                     0x0800a3f5   Thumb Code    98  d2f.o(x$fpl$d2f)
    __aeabi_dadd                             0x0800a459   Thumb Code     0  daddsub_clz.o(x$fpl$dadd)
    _dadd                                    0x0800a459   Thumb Code   332  daddsub_clz.o(x$fpl$dadd)
    __fpl_dcheck_NaN1                        0x0800a5a9   Thumb Code    10  dcheck1.o(x$fpl$dcheck1)
    __fpl_dcmp_Inf                           0x0800a5b9   Thumb Code    24  dcmpi.o(x$fpl$dcmpinf)
    __aeabi_ddiv                             0x0800a5d1   Thumb Code     0  ddiv.o(x$fpl$ddiv)
    _ddiv                                    0x0800a5d1   Thumb Code   552  ddiv.o(x$fpl$ddiv)
    __aeabi_cdcmpeq                          0x0800a881   Thumb Code     0  deqf.o(x$fpl$deqf)
    _dcmpeq                                  0x0800a881   Thumb Code   120  deqf.o(x$fpl$deqf)
    __aeabi_d2iz                             0x0800a8f9   Thumb Code     0  dfix.o(x$fpl$dfix)
    _dfix                                    0x0800a8f9   Thumb Code    94  dfix.o(x$fpl$dfix)
    __aeabi_i2d                              0x0800a957   Thumb Code     0  dflt_clz.o(x$fpl$dflt)
    _dflt                                    0x0800a957   Thumb Code    46  dflt_clz.o(x$fpl$dflt)
    __aeabi_cdcmple                          0x0800a985   Thumb Code     0  dleqf.o(x$fpl$dleqf)
    _dcmple                                  0x0800a985   Thumb Code   120  dleqf.o(x$fpl$dleqf)
    __fpl_dcmple_InfNaN                      0x0800a9e7   Thumb Code     0  dleqf.o(x$fpl$dleqf)
    __aeabi_dmul                             0x0800a9fd   Thumb Code     0  dmul.o(x$fpl$dmul)
    _dmul                                    0x0800a9fd   Thumb Code   332  dmul.o(x$fpl$dmul)
    __fpl_dnaninf                            0x0800ab51   Thumb Code   156  dnaninf.o(x$fpl$dnaninf)
    _drem                                    0x0800abed   Thumb Code   328  drem_clz.o(x$fpl$drem)
    __fpl_dretinf                            0x0800ad3d   Thumb Code    12  dretinf.o(x$fpl$dretinf)
    __aeabi_cdrcmple                         0x0800ad49   Thumb Code     0  drleqf.o(x$fpl$drleqf)
    _drcmple                                 0x0800ad49   Thumb Code   108  drleqf.o(x$fpl$drleqf)
    __aeabi_drsub                            0x0800adb5   Thumb Code     0  daddsub_clz.o(x$fpl$drsb)
    _drsb                                    0x0800adb5   Thumb Code    22  daddsub_clz.o(x$fpl$drsb)
    _dsqrt                                   0x0800adcd   Thumb Code   456  dsqrt_noumaal.o(x$fpl$dsqrt)
    __aeabi_dsub                             0x0800af99   Thumb Code     0  daddsub_clz.o(x$fpl$dsub)
    _dsub                                    0x0800af99   Thumb Code   464  daddsub_clz.o(x$fpl$dsub)
    __aeabi_f2d                              0x0800b16d   Thumb Code     0  f2d.o(x$fpl$f2d)
    _f2d                                     0x0800b16d   Thumb Code    86  f2d.o(x$fpl$f2d)
    __aeabi_fadd                             0x0800b1c5   Thumb Code     0  faddsub_clz.o(x$fpl$fadd)
    _fadd                                    0x0800b1c5   Thumb Code   196  faddsub_clz.o(x$fpl$fadd)
    __fpl_fcmp_Inf                           0x0800b289   Thumb Code    24  fcmpi.o(x$fpl$fcmpinf)
    __aeabi_fdiv                             0x0800b2a1   Thumb Code     0  fdiv.o(x$fpl$fdiv)
    _fdiv                                    0x0800b2a1   Thumb Code   384  fdiv.o(x$fpl$fdiv)
    __aeabi_f2iz                             0x0800b425   Thumb Code     0  ffix.o(x$fpl$ffix)
    _ffix                                    0x0800b425   Thumb Code    54  ffix.o(x$fpl$ffix)
    __aeabi_i2f                              0x0800b45d   Thumb Code     0  fflt_clz.o(x$fpl$fflt)
    _fflt                                    0x0800b45d   Thumb Code    48  fflt_clz.o(x$fpl$fflt)
    __aeabi_cfcmple                          0x0800b48d   Thumb Code     0  fleqf.o(x$fpl$fleqf)
    _fcmple                                  0x0800b48d   Thumb Code   104  fleqf.o(x$fpl$fleqf)
    __fpl_fcmple_InfNaN                      0x0800b4df   Thumb Code     0  fleqf.o(x$fpl$fleqf)
    __fpl_fnaninf                            0x0800b4f5   Thumb Code   140  fnaninf.o(x$fpl$fnaninf)
    __fpl_fretinf                            0x0800b581   Thumb Code    10  fretinf.o(x$fpl$fretinf)
    __aeabi_cfrcmple                         0x0800b58b   Thumb Code     0  frleqf.o(x$fpl$frleqf)
    _frcmple                                 0x0800b58b   Thumb Code    98  frleqf.o(x$fpl$frleqf)
    __aeabi_frsub                            0x0800b5ed   Thumb Code     0  faddsub_clz.o(x$fpl$frsb)
    _frsb                                    0x0800b5ed   Thumb Code    20  faddsub_clz.o(x$fpl$frsb)
    __aeabi_fsub                             0x0800b601   Thumb Code     0  faddsub_clz.o(x$fpl$fsub)
    _fsub                                    0x0800b601   Thumb Code   234  faddsub_clz.o(x$fpl$fsub)
    __ieee_status                            0x0800b6eb   Thumb Code     6  istatus.o(x$fpl$ieeestatus)
    __fpl_return_NaN                         0x0800b6f1   Thumb Code   100  retnan.o(x$fpl$retnan)
    __ARM_scalbn                             0x0800b755   Thumb Code    92  scalbn.o(x$fpl$scalbn)
    _scanf_real                              0x0800b7b1   Thumb Code     4  scanf1.o(x$fpl$scanf1)
    _scanf_hex_real                          0x0800b7b5   Thumb Code     4  scanf2.o(x$fpl$scanf2)
    _scanf_infnan                            0x0800b7b9   Thumb Code     4  scanf2.o(x$fpl$scanf2)
    __fpl_cmpreturn                          0x0800b7bd   Thumb Code    48  trapv.o(x$fpl$trapveneer)
    Font7x10                                 0x0800b7ec   Data        1900  fonts.o(.constdata)
    __I$use$fp                               0x0800b7ec   Number         0  usenofp.o(x$fpl$usenofp)
    Font11x18                                0x0800bf58   Data        3420  fonts.o(.constdata)
    mylanlogo                                0x0800ceb4   Data         256  main.o(.constdata)
    AHBPrescTable                            0x0800cfb4   Data          16  system_stm32f1xx.o(.constdata)
    APBPrescTable                            0x0800cfc4   Data           8  system_stm32f1xx.o(.constdata)
    __mathlib_zero                           0x0800d090   Data           8  qnan.o(.constdata)
    Region$$Table$$Base                      0x0800d12c   Number         0  anon$$obj.o(Region$$Table)
    Region$$Table$$Limit                     0x0800d14c   Number         0  anon$$obj.o(Region$$Table)
    __aeabi_HUGE_VAL                         0x0800d14c   Data           0  fpconst.o(c$$dinf)
    __aeabi_HUGE_VALL                        0x0800d14c   Data           0  fpconst.o(c$$dinf)
    __aeabi_INFINITY                         0x0800d14c   Data           0  fpconst.o(c$$dinf)
    __dInf                                   0x0800d14c   Data           0  fpconst.o(c$$dinf)
    __huge_val                               0x0800d14c   Data           0  fpconst.o(c$$dinf)
    __dbl_max                                0x0800d154   Data           0  fpconst.o(c$$dmax)
    __ctype                                  0x0800d169   Data           0  lc_ctype_c.o(locale$$data)
    Font_7x10                                0x20000000   Data           8  fonts.o(.data)
    Font_11x18                               0x20000008   Data           8  fonts.o(.data)
    COF_Dis                                  0x20000018   Data           1  main.o(.data)
    Coating_Menu_Flag                        0x2000001c   Data           4  main.o(.data)
    Main_menu_flag                           0x20000020   Data           4  main.o(.data)
    Speed_menu_flag                          0x20000024   Data           4  main.o(.data)
    COF_menu_flag                            0x20000028   Data           4  main.o(.data)
    COF_Result_flag                          0x2000002c   Data           4  main.o(.data)
    COF_Option_Flag                          0x20000030   Data           4  main.o(.data)
    COF_Zero_flag                            0x20000034   Data           4  main.o(.data)
    COF_Speed_flag                           0x20000038   Data           4  main.o(.data)
    COF_Distance_flag                        0x2000003c   Data           4  main.o(.data)
    FWD_Running                              0x20000040   Data           4  main.o(.data)
    BWD_Running                              0x20000044   Data           4  main.o(.data)
    Coating_Menu_Chosen                      0x20000048   Data           4  main.o(.data)
    COF_Menu_Chosen                          0x2000004c   Data           4  main.o(.data)
    CW_limit                                 0x20000050   Data           4  main.o(.data)
    CCW_limit                                0x20000054   Data           4  main.o(.data)
    CW_COF                                   0x20000058   Data           4  main.o(.data)
    Stop_State                               0x2000005c   Data           4  main.o(.data)
    T_Duty_Circle                            0x20000060   Data           4  main.o(.data)
    speed                                    0x20000064   Data           4  main.o(.data)
    Accel_Speed                              0x20000068   Data           4  main.o(.data)
    previousMillis                           0x2000006c   Data           4  main.o(.data)
    currentMillis                            0x20000070   Data           4  main.o(.data)
    weight                                   0x20000074   Data           4  main.o(.data)
    Static_peak_delay                        0x20000078   Data           4  main.o(.data)
    idx                                      0x2000007c   Data           4  main.o(.data)
    Being_home                               0x20000080   Data           4  main.o(.data)
    COF_Speed_chosen                         0x20000084   Data           4  main.o(.data)
    COF_Distance_chosen                      0x20000088   Data           4  main.o(.data)
    COF_Zero_chosen                          0x2000008c   Data           4  main.o(.data)
    COFPeriod                                0x20000090   Data           4  main.o(.data)
    Speed_COF                                0x20000094   Data           4  main.o(.data)
    Distance_COF                             0x20000098   Data           4  main.o(.data)
    button_A                                 0x2000009c   Data           4  main.o(.data)
    button_B                                 0x200000a0   Data           4  main.o(.data)
    button_C                                 0x200000a4   Data           4  main.o(.data)
    button_D                                 0x200000a8   Data           4  main.o(.data)
    button_E                                 0x200000ac   Data           4  main.o(.data)
    button_F                                 0x200000b0   Data           4  main.o(.data)
    Period                                   0x200000b4   Data           4  main.o(.data)
    current_speed                            0x200000b8   Data           4  main.o(.data)
    N_currentspeed                           0x200000bc   Data           4  main.o(.data)
    R_currentspeed                           0x200000c0   Data           4  main.o(.data)
    N_SF                                     0x200000c4   Data           4  main.o(.data)
    R_SF                                     0x200000c8   Data           4  main.o(.data)
    N_KF                                     0x200000cc   Data           4  main.o(.data)
    R_KF                                     0x200000d0   Data           4  main.o(.data)
    AVG_Weight                               0x200000d4   Data           4  main.o(.data)
    Static_Weight                            0x200000d8   Data           4  main.o(.data)
    kinetic_Weight                           0x200000dc   Data           4  main.o(.data)
    Max_Weight_idx                           0x200000e0   Data           4  main.o(.data)
    Stable_Weight_Val                        0x200000e4   Data           4  main.o(.data)
    COF_Lasting                              0x200000e8   Data           4  main.o(.data)
    std_deviation                            0x200000ec   Data           4  main.o(.data)
    s1                                       0x200000f0   Data           4  main.o(.data)
    TxData                                   0x200000f4   Data           8  main.o(.data)
    USBSF                                    0x200000fc   Data           8  main.o(.data)
    USBKF                                    0x20000104   Data           8  main.o(.data)
    USBSD                                    0x2000010c   Data           8  main.o(.data)
    uwTickFreq                               0x20000114   Data           1  stm32f1xx_hal.o(.data)
    uwTickPrio                               0x20000118   Data           4  stm32f1xx_hal.o(.data)
    uwTick                                   0x2000011c   Data           4  stm32f1xx_hal.o(.data)
    SystemCoreClock                          0x20000120   Data           4  system_stm32f1xx.o(.data)
    FS_Desc                                  0x20000124   Data          28  usbd_desc.o(.data)
    USBD_LangIDDesc                          0x20000140   Data           4  usbd_desc.o(.data)
    USBD_FS_DeviceDesc                       0x20000144   Data          18  usbd_desc.o(.data)
    USBD_StringSerial                        0x20000158   Data          26  usbd_desc.o(.data)
    USBD_Interface_fops_FS                   0x20000174   Data          16  usbd_cdc_if.o(.data)
    USBSpeed                                 0x20000184   Data           8  usbd_cdc_if.o(.data)
    USBCOFSpeed                              0x2000018c   Data           8  usbd_cdc_if.o(.data)
    USBCOFD                                  0x20000194   Data           8  usbd_cdc_if.o(.data)
    USBBeingHome                             0x2000019c   Data           8  usbd_cdc_if.o(.data)
    SpeedBuffer                              0x200001a4   Data           8  usbd_cdc_if.o(.data)
    COFSpeed                                 0x200001ac   Data           8  usbd_cdc_if.o(.data)
    COFDistance                              0x200001b4   Data           8  usbd_cdc_if.o(.data)
    USBD_CDC_CfgHSDesc                       0x200001cc   Data          67  usbd_cdc.o(.data)
    USBD_CDC_CfgFSDesc                       0x20000210   Data          67  usbd_cdc.o(.data)
    USBD_CDC_OtherSpeedCfgDesc               0x20000254   Data          67  usbd_cdc.o(.data)
    USBD_CDC                                 0x20000298   Data          56  usbd_cdc.o(.data)
    hi2c1                                    0x200006e0   Data          84  main.o(.bss)
    htim1                                    0x20000734   Data          72  main.o(.bss)
    htim2                                    0x2000077c   Data          72  main.o(.bss)
    htim3                                    0x200007c4   Data          72  main.o(.bss)
    huart1                                   0x2000080c   Data          68  main.o(.bss)
    UsbData                                  0x20000850   Data          64  main.o(.bss)
    V                                        0x20000890   Data          10  main.o(.bss)
    R                                        0x2000089a   Data          10  main.o(.bss)
    RxData                                   0x200008a4   Data          32  main.o(.bss)
    ZeroData                                 0x200008c4   Data          16  main.o(.bss)
    COFData                                  0x200008d4   Data          16  main.o(.bss)
    Data_Weight                              0x200008e4   Data       12000  main.o(.bss)
    Max_Weight                               0x200037c4   Data          40  main.o(.bss)
    Max_Weight_Index                         0x200037ec   Data          12  main.o(.bss)
    RxBuffer                                 0x200037f8   Data          64  main.o(.bss)
    pFlash                                   0x20003838   Data          32  stm32f1xx_hal_flash.o(.bss)
    hUsbDeviceFS                             0x20003858   Data         708  usb_device.o(.bss)
    USBD_StrDesc                             0x20003b1c   Data         512  usbd_desc.o(.bss)
    UserRxBufferFS                           0x20003d1c   Data          64  usbd_cdc_if.o(.bss)
    UserTxBufferFS                           0x20003d5c   Data          64  usbd_cdc_if.o(.bss)
    hpcd_USB_FS                              0x20003fbc   Data         748  usbd_conf.o(.bss)
    __libspace_start                         0x200042a8   Data          96  libspace.o(.bss)
    __temporary_stack_top$libspace           0x20004308   Data           0  libspace.o(.bss)



==============================================================================

Memory Map of the image

  Image Entry point : 0x080000ed

  Load Region LR_IROM1 (Base: 0x08000000, Size: 0x0000d558, Max: 0x00010000, ABSOLUTE, COMPRESSED[0x0000d370])

    Execution Region ER_IROM1 (Exec base: 0x08000000, Load base: 0x08000000, Size: 0x0000d288, Max: 0x00010000, ABSOLUTE)

    Exec Addr    Load Addr    Size         Type   Attr      Idx    E Section Name        Object

    0x08000000   0x08000000   0x000000ec   Data   RO            3    RESET               startup_stm32f103xb.o
    0x080000ec   0x080000ec   0x00000008   Code   RO         5128  * !!!main             c_w.l(__main.o)
    0x080000f4   0x080000f4   0x00000034   Code   RO         5529    !!!scatter          c_w.l(__scatter.o)
    0x08000128   0x08000128   0x0000005a   Code   RO         5527    !!dczerorl2         c_w.l(__dczerorl2.o)
    0x08000182   0x08000182   0x00000002   PAD
    0x08000184   0x08000184   0x0000001c   Code   RO         5531    !!handler_zi        c_w.l(__scatter_zi.o)
    0x080001a0   0x080001a0   0x00000000   Code   RO         5109    .ARM.Collect$$_printf_percent$$00000000  c_w.l(_printf_percent.o)
    0x080001a0   0x080001a0   0x00000006   Code   RO         5108    .ARM.Collect$$_printf_percent$$00000009  c_w.l(_printf_d.o)
    0x080001a6   0x080001a6   0x00000006   Code   RO         5107    .ARM.Collect$$_printf_percent$$0000000C  c_w.l(_printf_x.o)
    0x080001ac   0x080001ac   0x00000004   Code   RO         5224    .ARM.Collect$$_printf_percent$$00000017  c_w.l(_printf_percent_end.o)
    0x080001b0   0x080001b0   0x00000002   Code   RO         5331    .ARM.Collect$$libinit$$00000000  c_w.l(libinit.o)
    0x080001b2   0x080001b2   0x00000000   Code   RO         5333    .ARM.Collect$$libinit$$00000002  c_w.l(libinit2.o)
    0x080001b2   0x080001b2   0x00000000   Code   RO         5335    .ARM.Collect$$libinit$$00000004  c_w.l(libinit2.o)
    0x080001b2   0x080001b2   0x00000000   Code   RO         5338    .ARM.Collect$$libinit$$0000000A  c_w.l(libinit2.o)
    0x080001b2   0x080001b2   0x00000000   Code   RO         5340    .ARM.Collect$$libinit$$0000000C  c_w.l(libinit2.o)
    0x080001b2   0x080001b2   0x00000000   Code   RO         5342    .ARM.Collect$$libinit$$0000000E  c_w.l(libinit2.o)
    0x080001b2   0x080001b2   0x00000006   Code   RO         5343    .ARM.Collect$$libinit$$0000000F  c_w.l(libinit2.o)
    0x080001b8   0x080001b8   0x00000000   Code   RO         5345    .ARM.Collect$$libinit$$00000011  c_w.l(libinit2.o)
    0x080001b8   0x080001b8   0x0000000c   Code   RO         5346    .ARM.Collect$$libinit$$00000012  c_w.l(libinit2.o)
    0x080001c4   0x080001c4   0x00000000   Code   RO         5347    .ARM.Collect$$libinit$$00000013  c_w.l(libinit2.o)
    0x080001c4   0x080001c4   0x00000000   Code   RO         5349    .ARM.Collect$$libinit$$00000015  c_w.l(libinit2.o)
    0x080001c4   0x080001c4   0x0000000a   Code   RO         5350    .ARM.Collect$$libinit$$00000016  c_w.l(libinit2.o)
    0x080001ce   0x080001ce   0x00000000   Code   RO         5351    .ARM.Collect$$libinit$$00000017  c_w.l(libinit2.o)
    0x080001ce   0x080001ce   0x00000000   Code   RO         5353    .ARM.Collect$$libinit$$00000019  c_w.l(libinit2.o)
    0x080001ce   0x080001ce   0x00000000   Code   RO         5355    .ARM.Collect$$libinit$$0000001B  c_w.l(libinit2.o)
    0x080001ce   0x080001ce   0x00000000   Code   RO         5357    .ARM.Collect$$libinit$$0000001D  c_w.l(libinit2.o)
    0x080001ce   0x080001ce   0x00000000   Code   RO         5359    .ARM.Collect$$libinit$$0000001F  c_w.l(libinit2.o)
    0x080001ce   0x080001ce   0x00000000   Code   RO         5361    .ARM.Collect$$libinit$$00000021  c_w.l(libinit2.o)
    0x080001ce   0x080001ce   0x00000000   Code   RO         5363    .ARM.Collect$$libinit$$00000023  c_w.l(libinit2.o)
    0x080001ce   0x080001ce   0x00000000   Code   RO         5365    .ARM.Collect$$libinit$$00000025  c_w.l(libinit2.o)
    0x080001ce   0x080001ce   0x00000000   Code   RO         5369    .ARM.Collect$$libinit$$0000002C  c_w.l(libinit2.o)
    0x080001ce   0x080001ce   0x00000000   Code   RO         5371    .ARM.Collect$$libinit$$0000002E  c_w.l(libinit2.o)
    0x080001ce   0x080001ce   0x00000000   Code   RO         5373    .ARM.Collect$$libinit$$00000030  c_w.l(libinit2.o)
    0x080001ce   0x080001ce   0x00000000   Code   RO         5375    .ARM.Collect$$libinit$$00000032  c_w.l(libinit2.o)
    0x080001ce   0x080001ce   0x00000002   Code   RO         5376    .ARM.Collect$$libinit$$00000033  c_w.l(libinit2.o)
    0x080001d0   0x080001d0   0x00000002   Code   RO         5461    .ARM.Collect$$libshutdown$$00000000  c_w.l(libshutdown.o)
    0x080001d2   0x080001d2   0x00000000   Code   RO         5474    .ARM.Collect$$libshutdown$$00000002  c_w.l(libshutdown2.o)
    0x080001d2   0x080001d2   0x00000000   Code   RO         5476    .ARM.Collect$$libshutdown$$00000004  c_w.l(libshutdown2.o)
    0x080001d2   0x080001d2   0x00000000   Code   RO         5479    .ARM.Collect$$libshutdown$$00000007  c_w.l(libshutdown2.o)
    0x080001d2   0x080001d2   0x00000000   Code   RO         5482    .ARM.Collect$$libshutdown$$0000000A  c_w.l(libshutdown2.o)
    0x080001d2   0x080001d2   0x00000000   Code   RO         5484    .ARM.Collect$$libshutdown$$0000000C  c_w.l(libshutdown2.o)
    0x080001d2   0x080001d2   0x00000000   Code   RO         5487    .ARM.Collect$$libshutdown$$0000000F  c_w.l(libshutdown2.o)
    0x080001d2   0x080001d2   0x00000002   Code   RO         5488    .ARM.Collect$$libshutdown$$00000010  c_w.l(libshutdown2.o)
    0x080001d4   0x080001d4   0x00000000   Code   RO         5208    .ARM.Collect$$rtentry$$00000000  c_w.l(__rtentry.o)
    0x080001d4   0x080001d4   0x00000000   Code   RO         5273    .ARM.Collect$$rtentry$$00000002  c_w.l(__rtentry2.o)
    0x080001d4   0x080001d4   0x00000006   Code   RO         5285    .ARM.Collect$$rtentry$$00000004  c_w.l(__rtentry4.o)
    0x080001da   0x080001da   0x00000000   Code   RO         5275    .ARM.Collect$$rtentry$$00000009  c_w.l(__rtentry2.o)
    0x080001da   0x080001da   0x00000004   Code   RO         5276    .ARM.Collect$$rtentry$$0000000A  c_w.l(__rtentry2.o)
    0x080001de   0x080001de   0x00000000   Code   RO         5278    .ARM.Collect$$rtentry$$0000000C  c_w.l(__rtentry2.o)
    0x080001de   0x080001de   0x00000008   Code   RO         5279    .ARM.Collect$$rtentry$$0000000D  c_w.l(__rtentry2.o)
    0x080001e6   0x080001e6   0x00000002   Code   RO         5389    .ARM.Collect$$rtexit$$00000000  c_w.l(rtexit.o)
    0x080001e8   0x080001e8   0x00000000   Code   RO         5400    .ARM.Collect$$rtexit$$00000002  c_w.l(rtexit2.o)
    0x080001e8   0x080001e8   0x00000004   Code   RO         5401    .ARM.Collect$$rtexit$$00000003  c_w.l(rtexit2.o)
    0x080001ec   0x080001ec   0x00000006   Code   RO         5402    .ARM.Collect$$rtexit$$00000004  c_w.l(rtexit2.o)
    0x080001f2   0x080001f2   0x00000002   PAD
    0x080001f4   0x080001f4   0x00000040   Code   RO            4    .text               startup_stm32f103xb.o
    0x08000234   0x08000234   0x00000026   Code   RO         5054    .text               c_w.l(llushr.o)
    0x0800025a   0x0800025a   0x00000002   PAD
    0x0800025c   0x0800025c   0x00000028   Code   RO         5058    .text               c_w.l(noretval__2sprintf.o)
    0x08000284   0x08000284   0x0000004e   Code   RO         5062    .text               c_w.l(_printf_pad.o)
    0x080002d2   0x080002d2   0x00000002   PAD
    0x080002d4   0x080002d4   0x00000078   Code   RO         5064    .text               c_w.l(_printf_dec.o)
    0x0800034c   0x0800034c   0x00000058   Code   RO         5069    .text               c_w.l(_printf_hex_int.o)
    0x080003a4   0x080003a4   0x00000138   Code   RO         5099    .text               c_w.l(__printf_flags_wp.o)
    0x080004dc   0x080004dc   0x00000070   Code   RO         5110    .text               c_w.l(strtol.o)
    0x0800054c   0x0800054c   0x00000018   Code   RO         5114    .text               c_w.l(strcat.o)
    0x08000564   0x08000564   0x0000008a   Code   RO         5116    .text               c_w.l(rt_memcpy_v6.o)
    0x080005ee   0x080005ee   0x00000064   Code   RO         5118    .text               c_w.l(rt_memcpy_w.o)
    0x08000652   0x08000652   0x00000010   Code   RO         5120    .text               c_w.l(aeabi_memset.o)
    0x08000662   0x08000662   0x00000044   Code   RO         5122    .text               c_w.l(rt_memclr.o)
    0x080006a6   0x080006a6   0x0000004e   Code   RO         5124    .text               c_w.l(rt_memclr_w.o)
    0x080006f4   0x080006f4   0x00000006   Code   RO         5126    .text               c_w.l(heapauxi.o)
    0x080006fa   0x080006fa   0x00000002   PAD
    0x080006fc   0x080006fc   0x00000010   Code   RO         5209    .text               c_w.l(rt_ctype_table.o)
    0x0800070c   0x0800070c   0x00000008   Code   RO         5214    .text               c_w.l(rt_errno_addr_intlibspace.o)
    0x08000714   0x08000714   0x00000016   Code   RO         5216    .text               c_w.l(_rserrno.o)
    0x0800072a   0x0800072a   0x000000b2   Code   RO         5218    .text               c_w.l(_printf_intcommon.o)
    0x080007dc   0x080007dc   0x00000030   Code   RO         5220    .text               c_w.l(_printf_char_common.o)
    0x0800080c   0x0800080c   0x0000000a   Code   RO         5222    .text               c_w.l(_sputc.o)
    0x08000816   0x08000816   0x0000009e   Code   RO         5225    .text               c_w.l(_strtoul.o)
    0x080008b4   0x080008b4   0x0000001a   Code   RO         5227    .text               c_w.l(strtof.o)
    0x080008ce   0x080008ce   0x00000002   PAD
    0x080008d0   0x080008d0   0x00000008   Code   RO         5269    .text               c_w.l(libspace.o)
    0x080008d8   0x080008d8   0x00000008   Code   RO         5290    .text               c_w.l(rt_locale_intlibspace.o)
    0x080008e0   0x080008e0   0x0000001c   Code   RO         5294    .text               c_w.l(_chval.o)
    0x080008fc   0x080008fc   0x000000a4   Code   RO         5296    .text               c_w.l(strtod.o)
    0x080009a0   0x080009a0   0x0000004a   Code   RO         5313    .text               c_w.l(sys_stackheap_outer.o)
    0x080009ea   0x080009ea   0x00000012   Code   RO         5315    .text               c_w.l(isspace.o)
    0x080009fc   0x080009fc   0x00000040   Code   RO         5317    .text               c_w.l(_sgetc.o)
    0x08000a3c   0x08000a3c   0x00000012   Code   RO         5322    .text               c_w.l(exit.o)
    0x08000a4e   0x08000a4e   0x00000002   PAD
    0x08000a50   0x08000a50   0x00000080   Code   RO         5324    .text               c_w.l(strcmpv7m.o)
    0x08000ad0   0x08000ad0   0x000004f8   Code   RO         5391    .text               c_w.l(scanf_fp.o)
    0x08000fc8   0x08000fc8   0x000000e4   Code   RO         5406    .text               c_w.l(bigflt0.o)
    0x080010ac   0x080010ac   0x0000000c   Code   RO         5447    .text               c_w.l(sys_exit.o)
    0x080010b8   0x080010b8   0x00000320   Code   RO         5451    .text               c_w.l(scanf_hexfp.o)
    0x080013d8   0x080013d8   0x00000134   Code   RO         5453    .text               c_w.l(scanf_infnan.o)
    0x0800150c   0x0800150c   0x00000002   Code   RO         5462    .text               c_w.l(use_no_semi.o)
    0x0800150e   0x0800150e   0x00000000   Code   RO         5464    .text               c_w.l(indicate_semi.o)
    0x0800150e   0x0800150e   0x00000026   Code   RO         5467    .text               c_w.l(llshl.o)
    0x08001534   0x08001534   0x00000338   Code   RO         5419    CL$$btod_div_common  c_w.l(btod.o)
    0x0800186c   0x0800186c   0x00000084   Code   RO         5417    CL$$btod_e2d        c_w.l(btod.o)
    0x080018f0   0x080018f0   0x000000dc   Code   RO         5416    CL$$btod_e2e        c_w.l(btod.o)
    0x080019cc   0x080019cc   0x0000002a   Code   RO         5413    CL$$btod_ediv       c_w.l(btod.o)
    0x080019f6   0x080019f6   0x0000002a   Code   RO         5415    CL$$btod_edivd      c_w.l(btod.o)
    0x08001a20   0x08001a20   0x0000002a   Code   RO         5412    CL$$btod_emul       c_w.l(btod.o)
    0x08001a4a   0x08001a4a   0x0000002a   Code   RO         5414    CL$$btod_emuld      c_w.l(btod.o)
    0x08001a74   0x08001a74   0x00000244   Code   RO         5418    CL$$btod_mult_common  c_w.l(btod.o)
    0x08001cb8   0x08001cb8   0x00000050   Code   RO          416    i.Acceleration      main.o
    0x08001d08   0x08001d08   0x00000002   Code   RO          809    i.BusFault_Handler  stm32f1xx_it.o
    0x08001d0a   0x08001d0a   0x00000008   Code   RO         4391    i.CDC_Control_FS    usbd_cdc_if.o
    0x08001d12   0x08001d12   0x00000004   Code   RO         4392    i.CDC_DeInit_FS     usbd_cdc_if.o
    0x08001d16   0x08001d16   0x00000002   PAD
    0x08001d18   0x08001d18   0x00000024   Code   RO         4393    i.CDC_Init_FS       usbd_cdc_if.o
    0x08001d3c   0x08001d3c   0x000002cc   Code   RO         4394    i.CDC_Receive_FS    usbd_cdc_if.o
    0x08002008   0x08002008   0x0000002c   Code   RO         4395    i.CDC_Transmit_FS   usbd_cdc_if.o
    0x08002034   0x08002034   0x00000020   Code   RO          417    i.COF_Distance      main.o
    0x08002054   0x08002054   0x00000050   Code   RO          418    i.COF_Distance_Cal  main.o
    0x080020a4   0x080020a4   0x00000020   Code   RO          419    i.COF_Menu          main.o
    0x080020c4   0x080020c4   0x00000060   Code   RO          420    i.COF_Monitor       main.o
    0x08002124   0x08002124   0x00000020   Code   RO          421    i.COF_Options       main.o
    0x08002144   0x08002144   0x00000020   Code   RO          422    i.COF_Result        main.o
    0x08002164   0x08002164   0x00000020   Code   RO          423    i.COF_Speed         main.o
    0x08002184   0x08002184   0x00000040   Code   RO          424    i.COF_Speed_Monitor  main.o
    0x080021c4   0x080021c4   0x00000020   Code   RO          425    i.COF_Zero          main.o
    0x080021e4   0x080021e4   0x00000070   Code   RO          426    i.Cal_COF_Period    main.o
    0x08002254   0x08002254   0x00000074   Code   RO          427    i.Cal_PWM_Period    main.o
    0x080022c8   0x080022c8   0x00000020   Code   RO          428    i.Coating_Menu      main.o
    0x080022e8   0x080022e8   0x00000034   Code   RO          429    i.Coating_Speed_Monitor  main.o
    0x0800231c   0x0800231c   0x00000002   Code   RO          810    i.DebugMon_Handler  stm32f1xx_it.o
    0x0800231e   0x0800231e   0x00000002   PAD
    0x08002320   0x08002320   0x0000004c   Code   RO          430    i.Deceleration      main.o
    0x0800236c   0x0800236c   0x0000004c   Code   RO          431    i.Deceleration_Limit  main.o
    0x080023b8   0x080023b8   0x00000006   Code   RO          811    i.EXTI2_IRQHandler  stm32f1xx_it.o
    0x080023be   0x080023be   0x00000006   Code   RO          812    i.EXTI3_IRQHandler  stm32f1xx_it.o
    0x080023c4   0x080023c4   0x00000006   Code   RO          813    i.EXTI4_IRQHandler  stm32f1xx_it.o
    0x080023ca   0x080023ca   0x00000018   Code   RO          814    i.EXTI9_5_IRQHandler  stm32f1xx_it.o
    0x080023e2   0x080023e2   0x00000004   Code   RO          432    i.Error_Handler     main.o
    0x080023e6   0x080023e6   0x00000002   PAD
    0x080023e8   0x080023e8   0x00000024   Code   RO         2312    i.FLASH_MassErase   stm32f1xx_hal_flash_ex.o
    0x0800240c   0x0800240c   0x00000024   Code   RO         2317    i.FLASH_PageErase   stm32f1xx_hal_flash_ex.o
    0x08002430   0x08002430   0x0000001c   Code   RO         2209    i.FLASH_Program_HalfWord  stm32f1xx_hal_flash.o
    0x0800244c   0x0800244c   0x0000005c   Code   RO         2210    i.FLASH_SetErrorCode  stm32f1xx_hal_flash.o
    0x080024a8   0x080024a8   0x00000054   Code   RO         2211    i.FLASH_WaitForLastOperation  stm32f1xx_hal_flash.o
    0x080024fc   0x080024fc   0x0000003a   Code   RO          434    i.FLASH_WritePage   main.o
    0x08002536   0x08002536   0x00000002   PAD
    0x08002538   0x08002538   0x00000038   Code   RO         4300    i.Get_SerialNum     usbd_desc.o
    0x08002570   0x08002570   0x00000046   Code   RO         1873    i.HAL_DMA_Abort     stm32f1xx_hal_dma.o
    0x080025b6   0x080025b6   0x00000002   PAD
    0x080025b8   0x080025b8   0x00000098   Code   RO         1874    i.HAL_DMA_Abort_IT  stm32f1xx_hal_dma.o
    0x08002650   0x08002650   0x00000024   Code   RO         1501    i.HAL_Delay         stm32f1xx_hal.o
    0x08002674   0x08002674   0x000000a8   Code   RO         2318    i.HAL_FLASHEx_Erase  stm32f1xx_hal_flash_ex.o
    0x0800271c   0x0800271c   0x00000014   Code   RO         2215    i.HAL_FLASH_Lock    stm32f1xx_hal_flash.o
    0x08002730   0x08002730   0x00000080   Code   RO         2220    i.HAL_FLASH_Program  stm32f1xx_hal_flash.o
    0x080027b0   0x080027b0   0x00000028   Code   RO         2222    i.HAL_FLASH_Unlock  stm32f1xx_hal_flash.o
    0x080027d8   0x080027d8   0x00000174   Code   RO          435    i.HAL_GPIO_EXTI_Callback  main.o
    0x0800294c   0x0800294c   0x00000018   Code   RO         1808    i.HAL_GPIO_EXTI_IRQHandler  stm32f1xx_hal_gpio.o
    0x08002964   0x08002964   0x000001e0   Code   RO         1809    i.HAL_GPIO_Init     stm32f1xx_hal_gpio.o
    0x08002b44   0x08002b44   0x0000000a   Code   RO         1811    i.HAL_GPIO_ReadPin  stm32f1xx_hal_gpio.o
    0x08002b4e   0x08002b4e   0x0000000a   Code   RO         1813    i.HAL_GPIO_WritePin  stm32f1xx_hal_gpio.o
    0x08002b58   0x08002b58   0x0000000c   Code   RO         1505    i.HAL_GetTick       stm32f1xx_hal.o
    0x08002b64   0x08002b64   0x00000188   Code   RO         2480    i.HAL_I2C_Init      stm32f1xx_hal_i2c.o
    0x08002cec   0x08002cec   0x0000016c   Code   RO         2481    i.HAL_I2C_IsDeviceReady  stm32f1xx_hal_i2c.o
    0x08002e58   0x08002e58   0x0000012c   Code   RO         2493    i.HAL_I2C_Master_Transmit  stm32f1xx_hal_i2c.o
    0x08002f84   0x08002f84   0x0000005c   Code   RO          940    i.HAL_I2C_MspInit   stm32f1xx_hal_msp.o
    0x08002fe0   0x08002fe0   0x00000010   Code   RO         1511    i.HAL_IncTick       stm32f1xx_hal.o
    0x08002ff0   0x08002ff0   0x00000024   Code   RO         1512    i.HAL_Init          stm32f1xx_hal.o
    0x08003014   0x08003014   0x00000040   Code   RO         1513    i.HAL_InitTick      stm32f1xx_hal.o
    0x08003054   0x08003054   0x0000003c   Code   RO          941    i.HAL_MspInit       stm32f1xx_hal_msp.o
    0x08003090   0x08003090   0x0000001a   Code   RO         1969    i.HAL_NVIC_EnableIRQ  stm32f1xx_hal_cortex.o
    0x080030aa   0x080030aa   0x00000002   PAD
    0x080030ac   0x080030ac   0x00000040   Code   RO         1975    i.HAL_NVIC_SetPriority  stm32f1xx_hal_cortex.o
    0x080030ec   0x080030ec   0x00000024   Code   RO         1976    i.HAL_NVIC_SetPriorityGrouping  stm32f1xx_hal_cortex.o
    0x08003110   0x08003110   0x0000003c   Code   RO         1274    i.HAL_PCDEx_PMAConfig  stm32f1xx_hal_pcd_ex.o
    0x0800314c   0x0800314c   0x00000002   Code   RO         4444    i.HAL_PCDEx_SetConnectionState  usbd_conf.o
    0x0800314e   0x0800314e   0x00000012   Code   RO         4446    i.HAL_PCD_DataInStageCallback  usbd_conf.o
    0x08003160   0x08003160   0x00000014   Code   RO         4447    i.HAL_PCD_DataOutStageCallback  usbd_conf.o
    0x08003174   0x08003174   0x0000004c   Code   RO         1050    i.HAL_PCD_EP_Close  stm32f1xx_hal_pcd.o
    0x080031c0   0x080031c0   0x0000005c   Code   RO         1051    i.HAL_PCD_EP_ClrStall  stm32f1xx_hal_pcd.o
    0x0800321c   0x0800321c   0x000000e6   Code   RO         1052    i.HAL_PCD_EP_DB_Receive  stm32f1xx_hal_pcd.o
    0x08003302   0x08003302   0x00000330   Code   RO         1053    i.HAL_PCD_EP_DB_Transmit  stm32f1xx_hal_pcd.o
    0x08003632   0x08003632   0x00000012   Code   RO         1055    i.HAL_PCD_EP_GetRxCount  stm32f1xx_hal_pcd.o
    0x08003644   0x08003644   0x00000060   Code   RO         1056    i.HAL_PCD_EP_Open   stm32f1xx_hal_pcd.o
    0x080036a4   0x080036a4   0x00000032   Code   RO         1057    i.HAL_PCD_EP_Receive  stm32f1xx_hal_pcd.o
    0x080036d6   0x080036d6   0x00000072   Code   RO         1058    i.HAL_PCD_EP_SetStall  stm32f1xx_hal_pcd.o
    0x08003748   0x08003748   0x00000034   Code   RO         1059    i.HAL_PCD_EP_Transmit  stm32f1xx_hal_pcd.o
    0x0800377c   0x0800377c   0x00000154   Code   RO         1061    i.HAL_PCD_IRQHandler  stm32f1xx_hal_pcd.o
    0x080038d0   0x080038d0   0x000000da   Code   RO         1064    i.HAL_PCD_Init      stm32f1xx_hal_pcd.o
    0x080039aa   0x080039aa   0x00000002   PAD
    0x080039ac   0x080039ac   0x0000003c   Code   RO         4452    i.HAL_PCD_MspInit   usbd_conf.o
    0x080039e8   0x080039e8   0x00000026   Code   RO         4453    i.HAL_PCD_ResetCallback  usbd_conf.o
    0x08003a0e   0x08003a0e   0x00000008   Code   RO         4454    i.HAL_PCD_ResumeCallback  usbd_conf.o
    0x08003a16   0x08003a16   0x00000008   Code   RO         4455    i.HAL_PCD_SOFCallback  usbd_conf.o
    0x08003a1e   0x08003a1e   0x00000028   Code   RO         1070    i.HAL_PCD_SetAddress  stm32f1xx_hal_pcd.o
    0x08003a46   0x08003a46   0x0000000e   Code   RO         4456    i.HAL_PCD_SetupStageCallback  usbd_conf.o
    0x08003a54   0x08003a54   0x00000032   Code   RO         1072    i.HAL_PCD_Start     stm32f1xx_hal_pcd.o
    0x08003a86   0x08003a86   0x00000002   PAD
    0x08003a88   0x08003a88   0x00000024   Code   RO         4457    i.HAL_PCD_SuspendCallback  usbd_conf.o
    0x08003aac   0x08003aac   0x000000ec   Code   RO         1772    i.HAL_RCCEx_PeriphCLKConfig  stm32f1xx_hal_rcc_ex.o
    0x08003b98   0x08003b98   0x0000012c   Code   RO         1669    i.HAL_RCC_ClockConfig  stm32f1xx_hal_rcc.o
    0x08003cc4   0x08003cc4   0x00000020   Code   RO         1676    i.HAL_RCC_GetPCLK1Freq  stm32f1xx_hal_rcc.o
    0x08003ce4   0x08003ce4   0x00000020   Code   RO         1677    i.HAL_RCC_GetPCLK2Freq  stm32f1xx_hal_rcc.o
    0x08003d04   0x08003d04   0x0000006c   Code   RO         1678    i.HAL_RCC_GetSysClockFreq  stm32f1xx_hal_rcc.o
    0x08003d70   0x08003d70   0x00000320   Code   RO         1681    i.HAL_RCC_OscConfig  stm32f1xx_hal_rcc.o
    0x08004090   0x08004090   0x00000028   Code   RO         1980    i.HAL_SYSTICK_Config  stm32f1xx_hal_cortex.o
    0x080040b8   0x080040b8   0x00000002   Code   RO         3607    i.HAL_TIMEx_BreakCallback  stm32f1xx_hal_tim_ex.o
    0x080040ba   0x080040ba   0x00000002   Code   RO         3608    i.HAL_TIMEx_CommutCallback  stm32f1xx_hal_tim_ex.o
    0x080040bc   0x080040bc   0x00000068   Code   RO         3626    i.HAL_TIMEx_MasterConfigSynchronization  stm32f1xx_hal_tim_ex.o
    0x08004124   0x08004124   0x0000005a   Code   RO         2903    i.HAL_TIM_Base_Init  stm32f1xx_hal_tim.o
    0x0800417e   0x0800417e   0x00000002   PAD
    0x08004180   0x08004180   0x00000088   Code   RO          943    i.HAL_TIM_Base_MspInit  stm32f1xx_hal_msp.o
    0x08004208   0x08004208   0x00000050   Code   RO         2906    i.HAL_TIM_Base_Start  stm32f1xx_hal_tim.o
    0x08004258   0x08004258   0x000000d6   Code   RO         2912    i.HAL_TIM_ConfigClockSource  stm32f1xx_hal_tim.o
    0x0800432e   0x0800432e   0x00000002   Code   RO         2937    i.HAL_TIM_IC_CaptureCallback  stm32f1xx_hal_tim.o
    0x08004330   0x08004330   0x00000166   Code   RO         2951    i.HAL_TIM_IRQHandler  stm32f1xx_hal_tim.o
    0x08004496   0x08004496   0x00000002   PAD
    0x08004498   0x08004498   0x0000004c   Code   RO          944    i.HAL_TIM_MspPostInit  stm32f1xx_hal_msp.o
    0x080044e4   0x080044e4   0x00000002   Code   RO         2954    i.HAL_TIM_OC_DelayElapsedCallback  stm32f1xx_hal_tim.o
    0x080044e6   0x080044e6   0x000000c6   Code   RO         2975    i.HAL_TIM_PWM_ConfigChannel  stm32f1xx_hal_tim.o
    0x080045ac   0x080045ac   0x0000005a   Code   RO         2978    i.HAL_TIM_PWM_Init  stm32f1xx_hal_tim.o
    0x08004606   0x08004606   0x00000002   Code   RO         2980    i.HAL_TIM_PWM_MspInit  stm32f1xx_hal_tim.o
    0x08004608   0x08004608   0x00000002   Code   RO         2981    i.HAL_TIM_PWM_PulseFinishedCallback  stm32f1xx_hal_tim.o
    0x0800460a   0x0800460a   0x00000002   PAD
    0x0800460c   0x0800460c   0x0000009c   Code   RO         2983    i.HAL_TIM_PWM_Start  stm32f1xx_hal_tim.o
    0x080046a8   0x080046a8   0x00000070   Code   RO         2986    i.HAL_TIM_PWM_Stop  stm32f1xx_hal_tim.o
    0x08004718   0x08004718   0x00000002   Code   RO         2989    i.HAL_TIM_PeriodElapsedCallback  stm32f1xx_hal_tim.o
    0x0800471a   0x0800471a   0x00000002   Code   RO         2994    i.HAL_TIM_TriggerCallback  stm32f1xx_hal_tim.o
    0x0800471c   0x0800471c   0x00000002   Code   RO         3885    i.HAL_UARTEx_RxEventCallback  stm32f1xx_hal_uart.o
    0x0800471e   0x0800471e   0x00000002   Code   RO         3899    i.HAL_UART_ErrorCallback  stm32f1xx_hal_uart.o
    0x08004720   0x08004720   0x0000020c   Code   RO         3902    i.HAL_UART_IRQHandler  stm32f1xx_hal_uart.o
    0x0800492c   0x0800492c   0x00000062   Code   RO         3903    i.HAL_UART_Init     stm32f1xx_hal_uart.o
    0x0800498e   0x0800498e   0x00000002   PAD
    0x08004990   0x08004990   0x00000080   Code   RO          946    i.HAL_UART_MspInit  stm32f1xx_hal_msp.o
    0x08004a10   0x08004a10   0x0000002a   Code   RO         3908    i.HAL_UART_Receive_IT  stm32f1xx_hal_uart.o
    0x08004a3a   0x08004a3a   0x00000002   PAD
    0x08004a3c   0x08004a3c   0x00000010   Code   RO          436    i.HAL_UART_RxCpltCallback  main.o
    0x08004a4c   0x08004a4c   0x000000b2   Code   RO         3911    i.HAL_UART_Transmit  stm32f1xx_hal_uart.o
    0x08004afe   0x08004afe   0x00000002   Code   RO         3914    i.HAL_UART_TxCpltCallback  stm32f1xx_hal_uart.o
    0x08004b00   0x08004b00   0x00000108   Code   RO          437    i.HMI_Being_Home    main.o
    0x08004c08   0x08004c08   0x000000f0   Code   RO          438    i.HMI_COF           main.o
    0x08004cf8   0x08004cf8   0x00000178   Code   RO          439    i.HMI_COF_Distance  main.o
    0x08004e70   0x08004e70   0x000000c4   Code   RO          440    i.HMI_COF_Options   main.o
    0x08004f34   0x08004f34   0x00000238   Code   RO          441    i.HMI_COF_Result    main.o
    0x0800516c   0x0800516c   0x000001b0   Code   RO          442    i.HMI_COF_Speed     main.o
    0x0800531c   0x0800531c   0x000000ec   Code   RO          443    i.HMI_Coating       main.o
    0x08005408   0x08005408   0x00000094   Code   RO          444    i.HMI_Home_Running  main.o
    0x0800549c   0x0800549c   0x00000164   Code   RO          445    i.HMI_Main_Menu     main.o
    0x08005600   0x08005600   0x00000108   Code   RO          446    i.HMI_SetHome_Warning  main.o
    0x08005708   0x08005708   0x000000d0   Code   RO          447    i.HMI_Set_Zero      main.o
    0x080057d8   0x080057d8   0x000001b0   Code   RO          448    i.HMI_Speed_Adjustment  main.o
    0x08005988   0x08005988   0x00000230   Code   RO          449    i.HMI_Zero_successful  main.o
    0x08005bb8   0x08005bb8   0x00000002   Code   RO          815    i.HardFault_Handler  stm32f1xx_it.o
    0x08005bba   0x08005bba   0x0000002e   Code   RO         2522    i.I2C_IsAcknowledgeFailed  stm32f1xx_hal_i2c.o
    0x08005be8   0x08005be8   0x0000009c   Code   RO         2526    i.I2C_MasterRequestWrite  stm32f1xx_hal_i2c.o
    0x08005c84   0x08005c84   0x0000004c   Code   RO         2537    i.I2C_WaitOnBTFFlagUntilTimeout  stm32f1xx_hal_i2c.o
    0x08005cd0   0x08005cd0   0x00000068   Code   RO         2538    i.I2C_WaitOnFlagUntilTimeout  stm32f1xx_hal_i2c.o
    0x08005d38   0x08005d38   0x00000096   Code   RO         2539    i.I2C_WaitOnMasterAddressFlagUntilTimeout  stm32f1xx_hal_i2c.o
    0x08005dce   0x08005dce   0x0000004c   Code   RO         2541    i.I2C_WaitOnTXEFlagUntilTimeout  stm32f1xx_hal_i2c.o
    0x08005e1a   0x08005e1a   0x0000003e   Code   RO         4301    i.IntToUnicode      usbd_desc.o
    0x08005e58   0x08005e58   0x000000fc   Code   RO          450    i.MX_GPIO_Init      main.o
    0x08005f54   0x08005f54   0x0000006c   Code   RO          451    i.MX_TIM1_Init      main.o
    0x08005fc0   0x08005fc0   0x00000068   Code   RO          452    i.MX_TIM2_Init      main.o
    0x08006028   0x08006028   0x00000098   Code   RO          453    i.MX_TIM3_Init      main.o
    0x080060c0   0x080060c0   0x00000054   Code   RO         4269    i.MX_USB_DEVICE_Init  usb_device.o
    0x08006114   0x08006114   0x00000018   Code   RO          454    i.Main_Menu         main.o
    0x0800612c   0x0800612c   0x00000002   Code   RO          816    i.MemManage_Handler  stm32f1xx_it.o
    0x0800612e   0x0800612e   0x00000002   PAD
    0x08006130   0x08006130   0x000009e8   Code   RO          455    i.Menu_handler      main.o
    0x08006b18   0x08006b18   0x00000002   Code   RO          817    i.NMI_Handler       stm32f1xx_it.o
    0x08006b1a   0x08006b1a   0x00000314   Code   RO         1076    i.PCD_EP_ISR_Handler  stm32f1xx_hal_pcd.o
    0x08006e2e   0x08006e2e   0x00000002   Code   RO          818    i.PendSV_Handler    stm32f1xx_it.o
    0x08006e30   0x08006e30   0x00000054   Code   RO          456    i.Return_LimitSW_Status  main.o
    0x08006e84   0x08006e84   0x00000028   Code   RO          457    i.Run_COF           main.o
    0x08006eac   0x08006eac   0x00000028   Code   RO          458    i.Run_Coating       main.o
    0x08006ed4   0x08006ed4   0x0000001c   Code   RO          459    i.Run_SetHome       main.o
    0x08006ef0   0x08006ef0   0x00000010   Code   RO          215    i.SSD1306_Clear     ssd1306.o
    0x08006f00   0x08006f00   0x00000072   Code   RO          216    i.SSD1306_DrawBitmap  ssd1306.o
    0x08006f72   0x08006f72   0x00000002   PAD
    0x08006f74   0x08006f74   0x00000044   Code   RO          222    i.SSD1306_DrawPixel  ssd1306.o
    0x08006fb8   0x08006fb8   0x00000018   Code   RO          225    i.SSD1306_Fill      ssd1306.o
    0x08006fd0   0x08006fd0   0x00000010   Code   RO          226    i.SSD1306_GotoXY    ssd1306.o
    0x08006fe0   0x08006fe0   0x00000168   Code   RO          227    i.SSD1306_Init      ssd1306.o
    0x08007148   0x08007148   0x000000a0   Code   RO          231    i.SSD1306_Putc      ssd1306.o
    0x080071e8   0x080071e8   0x00000028   Code   RO          232    i.SSD1306_Puts      ssd1306.o
    0x08007210   0x08007210   0x0000004c   Code   RO          239    i.SSD1306_UpdateScreen  ssd1306.o
    0x0800725c   0x0800725c   0x00000002   Code   RO          819    i.SVC_Handler       stm32f1xx_it.o
    0x0800725e   0x0800725e   0x00000002   PAD
    0x08007260   0x08007260   0x00000040   Code   RO          460    i.SendData          main.o
    0x080072a0   0x080072a0   0x00000048   Code   RO          461    i.Send_Zero         main.o
    0x080072e8   0x080072e8   0x000000f0   Code   RO          462    i.SetHome           main.o
    0x080073d8   0x080073d8   0x00000020   Code   RO          463    i.Speed_Menu        main.o
    0x080073f8   0x080073f8   0x00000004   Code   RO          820    i.SysTick_Handler   stm32f1xx_it.o
    0x080073fc   0x080073fc   0x00000076   Code   RO          464    i.SystemClock_Config  main.o
    0x08007472   0x08007472   0x00000002   Code   RO         4232    i.SystemInit        system_stm32f1xx.o
    0x08007474   0x08007474   0x0000000c   Code   RO          821    i.TIM1_CC_IRQHandler  stm32f1xx_it.o
    0x08007480   0x08007480   0x0000000c   Code   RO          822    i.TIM2_IRQHandler   stm32f1xx_it.o
    0x0800748c   0x0800748c   0x0000000c   Code   RO          823    i.TIM3_IRQHandler   stm32f1xx_it.o
    0x08007498   0x08007498   0x0000006c   Code   RO         2996    i.TIM_Base_SetConfig  stm32f1xx_hal_tim.o
    0x08007504   0x08007504   0x0000001a   Code   RO         2997    i.TIM_CCxChannelCmd  stm32f1xx_hal_tim.o
    0x0800751e   0x0800751e   0x00000014   Code   RO         3007    i.TIM_ETR_SetConfig  stm32f1xx_hal_tim.o
    0x08007532   0x08007532   0x00000010   Code   RO         3008    i.TIM_ITRx_SetConfig  stm32f1xx_hal_tim.o
    0x08007542   0x08007542   0x00000002   PAD
    0x08007544   0x08007544   0x00000050   Code   RO         3009    i.TIM_OC1_SetConfig  stm32f1xx_hal_tim.o
    0x08007594   0x08007594   0x00000058   Code   RO         3010    i.TIM_OC2_SetConfig  stm32f1xx_hal_tim.o
    0x080075ec   0x080075ec   0x00000058   Code   RO         3011    i.TIM_OC3_SetConfig  stm32f1xx_hal_tim.o
    0x08007644   0x08007644   0x00000044   Code   RO         3012    i.TIM_OC4_SetConfig  stm32f1xx_hal_tim.o
    0x08007688   0x08007688   0x00000022   Code   RO         3014    i.TIM_TI1_ConfigInputStage  stm32f1xx_hal_tim.o
    0x080076aa   0x080076aa   0x00000024   Code   RO         3016    i.TIM_TI2_ConfigInputStage  stm32f1xx_hal_tim.o
    0x080076ce   0x080076ce   0x00000010   Code   RO         3916    i.UART_DMAAbortOnError  stm32f1xx_hal_uart.o
    0x080076de   0x080076de   0x00000030   Code   RO         3926    i.UART_EndRxTransfer  stm32f1xx_hal_uart.o
    0x0800770e   0x0800770e   0x000000b6   Code   RO         3928    i.UART_Receive_IT   stm32f1xx_hal_uart.o
    0x080077c4   0x080077c4   0x000000b8   Code   RO         3929    i.UART_SetConfig    stm32f1xx_hal_uart.o
    0x0800787c   0x0800787c   0x00000036   Code   RO         3931    i.UART_Start_Receive_IT  stm32f1xx_hal_uart.o
    0x080078b2   0x080078b2   0x00000064   Code   RO         3932    i.UART_WaitOnFlagUntilTimeout  stm32f1xx_hal_uart.o
    0x08007916   0x08007916   0x00000002   PAD
    0x08007918   0x08007918   0x0000000c   Code   RO          824    i.USART1_IRQHandler  stm32f1xx_it.o
    0x08007924   0x08007924   0x0000004a   Code   RO         4949    i.USBD_CDC_DataIn   usbd_cdc.o
    0x0800796e   0x0800796e   0x00000030   Code   RO         4950    i.USBD_CDC_DataOut  usbd_cdc.o
    0x0800799e   0x0800799e   0x00000046   Code   RO         4951    i.USBD_CDC_DeInit   usbd_cdc.o
    0x080079e4   0x080079e4   0x0000002a   Code   RO         4952    i.USBD_CDC_EP0_RxReady  usbd_cdc.o
    0x08007a0e   0x08007a0e   0x00000002   PAD
    0x08007a10   0x08007a10   0x0000000c   Code   RO         4953    i.USBD_CDC_GetDeviceQualifierDescriptor  usbd_cdc.o
    0x08007a1c   0x08007a1c   0x0000000c   Code   RO         4954    i.USBD_CDC_GetFSCfgDesc  usbd_cdc.o
    0x08007a28   0x08007a28   0x0000000c   Code   RO         4955    i.USBD_CDC_GetHSCfgDesc  usbd_cdc.o
    0x08007a34   0x08007a34   0x0000000c   Code   RO         4956    i.USBD_CDC_GetOtherSpeedCfgDesc  usbd_cdc.o
    0x08007a40   0x08007a40   0x000000ac   Code   RO         4957    i.USBD_CDC_Init     usbd_cdc.o
    0x08007aec   0x08007aec   0x00000032   Code   RO         4958    i.USBD_CDC_ReceivePacket  usbd_cdc.o
    0x08007b1e   0x08007b1e   0x00000010   Code   RO         4959    i.USBD_CDC_RegisterInterface  usbd_cdc.o
    0x08007b2e   0x08007b2e   0x0000000c   Code   RO         4960    i.USBD_CDC_SetRxBuffer  usbd_cdc.o
    0x08007b3a   0x08007b3a   0x00000010   Code   RO         4961    i.USBD_CDC_SetTxBuffer  usbd_cdc.o
    0x08007b4a   0x08007b4a   0x000000e6   Code   RO         4962    i.USBD_CDC_Setup    usbd_cdc.o
    0x08007c30   0x08007c30   0x00000038   Code   RO         4963    i.USBD_CDC_TransmitPacket  usbd_cdc.o
    0x08007c68   0x08007c68   0x0000000e   Code   RO         4656    i.USBD_ClrClassConfig  usbd_core.o
    0x08007c76   0x08007c76   0x00000026   Code   RO         4794    i.USBD_ClrFeature   usbd_ctlreq.o
    0x08007c9c   0x08007c9c   0x00000010   Code   RO         4889    i.USBD_CtlContinueRx  usbd_ioreq.o
    0x08007cac   0x08007cac   0x00000010   Code   RO         4890    i.USBD_CtlContinueSendData  usbd_ioreq.o
    0x08007cbc   0x08007cbc   0x00000018   Code   RO         4795    i.USBD_CtlError     usbd_ctlreq.o
    0x08007cd4   0x08007cd4   0x0000001e   Code   RO         4891    i.USBD_CtlPrepareRx  usbd_ioreq.o
    0x08007cf2   0x08007cf2   0x00000016   Code   RO         4892    i.USBD_CtlReceiveStatus  usbd_ioreq.o
    0x08007d08   0x08007d08   0x0000001a   Code   RO         4893    i.USBD_CtlSendData  usbd_ioreq.o
    0x08007d22   0x08007d22   0x00000016   Code   RO         4894    i.USBD_CtlSendStatus  usbd_ioreq.o
    0x08007d38   0x08007d38   0x00000030   Code   RO         4302    i.USBD_FS_ConfigStrDescriptor  usbd_desc.o
    0x08007d68   0x08007d68   0x0000000c   Code   RO         4303    i.USBD_FS_DeviceDescriptor  usbd_desc.o
    0x08007d74   0x08007d74   0x00000034   Code   RO         4304    i.USBD_FS_InterfaceStrDescriptor  usbd_desc.o
    0x08007da8   0x08007da8   0x0000000c   Code   RO         4305    i.USBD_FS_LangIDStrDescriptor  usbd_desc.o
    0x08007db4   0x08007db4   0x00000028   Code   RO         4306    i.USBD_FS_ManufacturerStrDescriptor  usbd_desc.o
    0x08007ddc   0x08007ddc   0x0000003c   Code   RO         4307    i.USBD_FS_ProductStrDescriptor  usbd_desc.o
    0x08007e18   0x08007e18   0x00000014   Code   RO         4308    i.USBD_FS_SerialStrDescriptor  usbd_desc.o
    0x08007e2c   0x08007e2c   0x00000034   Code   RO         4796    i.USBD_GetConfig    usbd_ctlreq.o
    0x08007e60   0x08007e60   0x000001aa   Code   RO         4797    i.USBD_GetDescriptor  usbd_ctlreq.o
    0x0800800a   0x0800800a   0x00000018   Code   RO         4798    i.USBD_GetLen       usbd_ctlreq.o
    0x08008022   0x08008022   0x00000036   Code   RO         4799    i.USBD_GetStatus    usbd_ctlreq.o
    0x08008058   0x08008058   0x00000044   Code   RO         4800    i.USBD_GetString    usbd_ctlreq.o
    0x0800809c   0x0800809c   0x00000024   Code   RO         4458    i.USBD_Get_USB_Status  usbd_conf.o
    0x080080c0   0x080080c0   0x0000002c   Code   RO         4658    i.USBD_Init         usbd_core.o
    0x080080ec   0x080080ec   0x00000012   Code   RO         4459    i.USBD_LL_ClearStallEP  usbd_conf.o
    0x080080fe   0x080080fe   0x00000012   Code   RO         4460    i.USBD_LL_CloseEP   usbd_conf.o
    0x08008110   0x08008110   0x000000d6   Code   RO         4659    i.USBD_LL_DataInStage  usbd_core.o
    0x080081e6   0x080081e6   0x0000008a   Code   RO         4660    i.USBD_LL_DataOutStage  usbd_core.o
    0x08008270   0x08008270   0x00000008   Code   RO         4464    i.USBD_LL_GetRxDataSize  usbd_conf.o
    0x08008278   0x08008278   0x00000084   Code   RO         4465    i.USBD_LL_Init      usbd_conf.o
    0x080082fc   0x080082fc   0x00000022   Code   RO         4466    i.USBD_LL_IsStallEP  usbd_conf.o
    0x0800831e   0x0800831e   0x00000018   Code   RO         4467    i.USBD_LL_OpenEP    usbd_conf.o
    0x08008336   0x08008336   0x00000012   Code   RO         4468    i.USBD_LL_PrepareReceive  usbd_conf.o
    0x08008348   0x08008348   0x00000052   Code   RO         4665    i.USBD_LL_Reset     usbd_core.o
    0x0800839a   0x0800839a   0x00000014   Code   RO         4666    i.USBD_LL_Resume    usbd_core.o
    0x080083ae   0x080083ae   0x00000018   Code   RO         4667    i.USBD_LL_SOF       usbd_core.o
    0x080083c6   0x080083c6   0x00000006   Code   RO         4668    i.USBD_LL_SetSpeed  usbd_core.o
    0x080083cc   0x080083cc   0x00000012   Code   RO         4469    i.USBD_LL_SetUSBAddress  usbd_conf.o
    0x080083de   0x080083de   0x0000005e   Code   RO         4669    i.USBD_LL_SetupStage  usbd_core.o
    0x0800843c   0x0800843c   0x00000012   Code   RO         4470    i.USBD_LL_StallEP   usbd_conf.o
    0x0800844e   0x0800844e   0x00000012   Code   RO         4471    i.USBD_LL_Start     usbd_conf.o
    0x08008460   0x08008460   0x00000012   Code   RO         4670    i.USBD_LL_Suspend   usbd_core.o
    0x08008472   0x08008472   0x00000012   Code   RO         4473    i.USBD_LL_Transmit  usbd_conf.o
    0x08008484   0x08008484   0x00000028   Code   RO         4801    i.USBD_ParseSetupRequest  usbd_ctlreq.o
    0x080084ac   0x080084ac   0x00000012   Code   RO         4671    i.USBD_RegisterClass  usbd_core.o
    0x080084be   0x080084be   0x00000004   Code   RO         4672    i.USBD_RunTestMode  usbd_core.o
    0x080084c2   0x080084c2   0x00000058   Code   RO         4802    i.USBD_SetAddress   usbd_ctlreq.o
    0x0800851a   0x0800851a   0x00000018   Code   RO         4673    i.USBD_SetClassConfig  usbd_core.o
    0x08008532   0x08008532   0x00000002   PAD
    0x08008534   0x08008534   0x000000cc   Code   RO         4803    i.USBD_SetConfig    usbd_ctlreq.o
    0x08008600   0x08008600   0x00000010   Code   RO         4804    i.USBD_SetFeature   usbd_ctlreq.o
    0x08008610   0x08008610   0x0000000a   Code   RO         4674    i.USBD_Start        usbd_core.o
    0x0800861a   0x0800861a   0x00000080   Code   RO         4805    i.USBD_StdDevReq    usbd_ctlreq.o
    0x0800869a   0x0800869a   0x000001f0   Code   RO         4806    i.USBD_StdEPReq     usbd_ctlreq.o
    0x0800888a   0x0800888a   0x0000006a   Code   RO         4807    i.USBD_StdItfReq    usbd_ctlreq.o
    0x080088f4   0x080088f4   0x00000002   Code   RO         4474    i.USBD_static_free  usbd_conf.o
    0x080088f6   0x080088f6   0x00000002   PAD
    0x080088f8   0x080088f8   0x00000008   Code   RO         4475    i.USBD_static_malloc  usbd_conf.o
    0x08008900   0x08008900   0x00000258   Code   RO         1314    i.USB_ActivateEndpoint  stm32f1xx_ll_usb.o
    0x08008b58   0x08008b58   0x00000004   Code   RO         1317    i.USB_CoreInit      stm32f1xx_ll_usb.o
    0x08008b5c   0x08008b5c   0x0000010e   Code   RO         1319    i.USB_DeactivateEndpoint  stm32f1xx_ll_usb.o
    0x08008c6a   0x08008c6a   0x00000004   Code   RO         1320    i.USB_DevConnect    stm32f1xx_ll_usb.o
    0x08008c6e   0x08008c6e   0x00000004   Code   RO         1321    i.USB_DevDisconnect  stm32f1xx_ll_usb.o
    0x08008c72   0x08008c72   0x00000012   Code   RO         1322    i.USB_DevInit       stm32f1xx_ll_usb.o
    0x08008c84   0x08008c84   0x0000000e   Code   RO         1323    i.USB_DisableGlobalInt  stm32f1xx_ll_usb.o
    0x08008c92   0x08008c92   0x00000004   Code   RO         1324    i.USB_EP0_OutStart  stm32f1xx_ll_usb.o
    0x08008c96   0x08008c96   0x00000078   Code   RO         1325    i.USB_EPClearStall  stm32f1xx_ll_usb.o
    0x08008d0e   0x08008d0e   0x00000032   Code   RO         1326    i.USB_EPSetStall    stm32f1xx_ll_usb.o
    0x08008d40   0x08008d40   0x0000060c   Code   RO         1327    i.USB_EPStartXfer   stm32f1xx_ll_usb.o
    0x0800934c   0x0800934c   0x00000012   Code   RO         1328    i.USB_EnableGlobalInt  stm32f1xx_ll_usb.o
    0x0800935e   0x0800935e   0x00000002   PAD
    0x08009360   0x08009360   0x0000000c   Code   RO          825    i.USB_LP_CAN1_RX0_IRQHandler  stm32f1xx_it.o
    0x0800936c   0x0800936c   0x00000006   Code   RO         1335    i.USB_ReadInterrupts  stm32f1xx_ll_usb.o
    0x08009372   0x08009372   0x00000002   PAD
    0x08009374   0x08009374   0x0000002c   Code   RO         1336    i.USB_ReadPMA       stm32f1xx_ll_usb.o
    0x080093a0   0x080093a0   0x00000004   Code   RO         1337    i.USB_SetCurrentMode  stm32f1xx_ll_usb.o
    0x080093a4   0x080093a4   0x0000000c   Code   RO         1338    i.USB_SetDevAddress  stm32f1xx_ll_usb.o
    0x080093b0   0x080093b0   0x00000026   Code   RO         1340    i.USB_WritePMA      stm32f1xx_ll_usb.o
    0x080093d6   0x080093d6   0x00000002   Code   RO          826    i.UsageFault_Handler  stm32f1xx_it.o
    0x080093d8   0x080093d8   0x00000028   Code   RO         5264    i.__ARM_fpclassify  m_ws.l(fpclassify.o)
    0x08009400   0x08009400   0x00000020   Code   RO         1982    i.__NVIC_SetPriority  stm32f1xx_hal_cortex.o
    0x08009420   0x08009420   0x000000aa   Code   RO         5266    i.__kernel_poly     m_ws.l(poly.o)
    0x080094ca   0x080094ca   0x00000002   PAD
    0x080094cc   0x080094cc   0x00000010   Code   RO         5250    i.__mathlib_dbl_divzero  m_ws.l(dunder.o)
    0x080094dc   0x080094dc   0x00000004   Code   RO         5252    i.__mathlib_dbl_infnan2  m_ws.l(dunder.o)
    0x080094e0   0x080094e0   0x0000000c   Code   RO         5253    i.__mathlib_dbl_invalid  m_ws.l(dunder.o)
    0x080094ec   0x080094ec   0x0000000e   Code   RO         5254    i.__mathlib_dbl_overflow  m_ws.l(dunder.o)
    0x080094fa   0x080094fa   0x00000002   PAD
    0x080094fc   0x080094fc   0x00000010   Code   RO         5256    i.__mathlib_dbl_underflow  m_ws.l(dunder.o)
    0x0800950c   0x0800950c   0x00000010   Code   RO         5307    i.__mathlib_narrow  m_ws.l(narrow.o)
    0x0800951c   0x0800951c   0x000000bc   Code   RO         5308    i.__mathlib_tofloat  m_ws.l(narrow.o)
    0x080095d8   0x080095d8   0x00000016   Code   RO         5490    i.__support_ldexp   m_ws.l(ldexp.o)
    0x080095ee   0x080095ee   0x0000000e   Code   RO         5097    i._is_digit         c_w.l(__printf_wp.o)
    0x080095fc   0x080095fc   0x0000002c   Code   RO          399    i.crc16             modbus_crc.o
    0x08009628   0x08009628   0x00000094   Code   RO         5179    i.fmod              m_ws.l(fmod.o)
    0x080096bc   0x080096bc   0x00000058   Code   RO         5386    i.frexp             m_ws.l(frexp.o)
    0x08009714   0x08009714   0x00000074   Code   RO         5491    i.ldexp             m_ws.l(ldexp.o)
    0x08009788   0x08009788   0x00000164   Code   RO          466    i.main              main.o
    0x080098ec   0x080098ec   0x000009d8   Code   RO         5187    i.pow               m_ws.l(pow.o)
    0x0800a2c4   0x0800a2c4   0x00000014   Code   RO          467    i.resetbutton       main.o
    0x0800a2d8   0x0800a2d8   0x0000004c   Code   RO         5197    i.sqrt              m_ws.l(sqrt.o)
    0x0800a324   0x0800a324   0x0000000c   Code   RO          240    i.ssd1306_I2C_Init  ssd1306.o
    0x0800a330   0x0800a330   0x00000020   Code   RO          241    i.ssd1306_I2C_Write  ssd1306.o
    0x0800a350   0x0800a350   0x00000038   Code   RO          242    i.ssd1306_I2C_WriteMulti  ssd1306.o
    0x0800a388   0x0800a388   0x00000014   Code   RO         5205    i.strtof            m_ws.l(strtof.o)
    0x0800a39c   0x0800a39c   0x0000002c   Code   RO         5299    locale$$code        c_w.l(lc_ctype_c.o)
    0x0800a3c8   0x0800a3c8   0x0000002c   Code   RO         5320    locale$$code        c_w.l(lc_numeric_c.o)
    0x0800a3f4   0x0800a3f4   0x00000062   Code   RO         5130    x$fpl$d2f           fz_ws.l(d2f.o)
    0x0800a456   0x0800a456   0x00000002   PAD
    0x0800a458   0x0800a458   0x00000150   Code   RO         5132    x$fpl$dadd          fz_ws.l(daddsub_clz.o)
    0x0800a5a8   0x0800a5a8   0x00000010   Code   RO         5301    x$fpl$dcheck1       fz_ws.l(dcheck1.o)
    0x0800a5b8   0x0800a5b8   0x00000018   Code   RO         5303    x$fpl$dcmpinf       fz_ws.l(dcmpi.o)
    0x0800a5d0   0x0800a5d0   0x000002b0   Code   RO         5139    x$fpl$ddiv          fz_ws.l(ddiv.o)
    0x0800a880   0x0800a880   0x00000078   Code   RO         5377    x$fpl$deqf          fz_ws.l(deqf.o)
    0x0800a8f8   0x0800a8f8   0x0000005e   Code   RO         5142    x$fpl$dfix          fz_ws.l(dfix.o)
    0x0800a956   0x0800a956   0x0000002e   Code   RO         5147    x$fpl$dflt          fz_ws.l(dflt_clz.o)
    0x0800a984   0x0800a984   0x00000078   Code   RO         5229    x$fpl$dleqf         fz_ws.l(dleqf.o)
    0x0800a9fc   0x0800a9fc   0x00000154   Code   RO         5152    x$fpl$dmul          fz_ws.l(dmul.o)
    0x0800ab50   0x0800ab50   0x0000009c   Code   RO         5231    x$fpl$dnaninf       fz_ws.l(dnaninf.o)
    0x0800abec   0x0800abec   0x00000150   Code   RO         5233    x$fpl$drem          fz_ws.l(drem_clz.o)
    0x0800ad3c   0x0800ad3c   0x0000000c   Code   RO         5235    x$fpl$dretinf       fz_ws.l(dretinf.o)
    0x0800ad48   0x0800ad48   0x0000006c   Code   RO         5237    x$fpl$drleqf        fz_ws.l(drleqf.o)
    0x0800adb4   0x0800adb4   0x00000016   Code   RO         5133    x$fpl$drsb          fz_ws.l(daddsub_clz.o)
    0x0800adca   0x0800adca   0x00000002   PAD
    0x0800adcc   0x0800adcc   0x000001cc   Code   RO         5239    x$fpl$dsqrt         fz_ws.l(dsqrt_noumaal.o)
    0x0800af98   0x0800af98   0x000001d4   Code   RO         5134    x$fpl$dsub          fz_ws.l(daddsub_clz.o)
    0x0800b16c   0x0800b16c   0x00000056   Code   RO         5154    x$fpl$f2d           fz_ws.l(f2d.o)
    0x0800b1c2   0x0800b1c2   0x00000002   PAD
    0x0800b1c4   0x0800b1c4   0x000000c4   Code   RO         5156    x$fpl$fadd          fz_ws.l(faddsub_clz.o)
    0x0800b288   0x0800b288   0x00000018   Code   RO         5305    x$fpl$fcmpinf       fz_ws.l(fcmpi.o)
    0x0800b2a0   0x0800b2a0   0x00000184   Code   RO         5163    x$fpl$fdiv          fz_ws.l(fdiv.o)
    0x0800b424   0x0800b424   0x00000036   Code   RO         5166    x$fpl$ffix          fz_ws.l(ffix.o)
    0x0800b45a   0x0800b45a   0x00000002   PAD
    0x0800b45c   0x0800b45c   0x00000030   Code   RO         5171    x$fpl$fflt          fz_ws.l(fflt_clz.o)
    0x0800b48c   0x0800b48c   0x00000068   Code   RO         5241    x$fpl$fleqf         fz_ws.l(fleqf.o)
    0x0800b4f4   0x0800b4f4   0x0000008c   Code   RO         5243    x$fpl$fnaninf       fz_ws.l(fnaninf.o)
    0x0800b580   0x0800b580   0x0000000a   Code   RO         5245    x$fpl$fretinf       fz_ws.l(fretinf.o)
    0x0800b58a   0x0800b58a   0x00000062   Code   RO         5176    x$fpl$frleqf        fz_ws.l(frleqf.o)
    0x0800b5ec   0x0800b5ec   0x00000014   Code   RO         5157    x$fpl$frsb          fz_ws.l(faddsub_clz.o)
    0x0800b600   0x0800b600   0x000000ea   Code   RO         5158    x$fpl$fsub          fz_ws.l(faddsub_clz.o)
    0x0800b6ea   0x0800b6ea   0x00000006   Code   RO         5379    x$fpl$ieeestatus    fz_ws.l(istatus.o)
    0x0800b6f0   0x0800b6f0   0x00000064   Code   RO         5381    x$fpl$retnan        fz_ws.l(retnan.o)
    0x0800b754   0x0800b754   0x0000005c   Code   RO         5247    x$fpl$scalbn        fz_ws.l(scalbn.o)
    0x0800b7b0   0x0800b7b0   0x00000004   Code   RO         5383    x$fpl$scanf1        fz_ws.l(scanf1.o)
    0x0800b7b4   0x0800b7b4   0x00000008   Code   RO         5439    x$fpl$scanf2        fz_ws.l(scanf2.o)
    0x0800b7bc   0x0800b7bc   0x00000030   Code   RO         5397    x$fpl$trapveneer    fz_ws.l(trapv.o)
    0x0800b7ec   0x0800b7ec   0x00000000   Code   RO         5249    x$fpl$usenofp       fz_ws.l(usenofp.o)
    0x0800b7ec   0x0800b7ec   0x0000076c   Data   RO           14    .constdata          fonts.o
    0x0800bf58   0x0800bf58   0x00000d5c   Data   RO           15    .constdata          fonts.o
    0x0800ccb4   0x0800ccb4   0x00000200   Data   RO          400    .constdata          modbus_crc.o
    0x0800ceb4   0x0800ceb4   0x00000100   Data   RO          472    .constdata          main.o
    0x0800cfb4   0x0800cfb4   0x00000010   Data   RO         4233    .constdata          system_stm32f1xx.o
    0x0800cfc4   0x0800cfc4   0x00000008   Data   RO         4234    .constdata          system_stm32f1xx.o
    0x0800cfcc   0x0800cfcc   0x00000028   Data   RO         5070    .constdata          c_w.l(_printf_hex_int.o)
    0x0800cff4   0x0800cff4   0x00000011   Data   RO         5100    .constdata          c_w.l(__printf_flags_wp.o)
    0x0800d005   0x0800d005   0x00000003   PAD
    0x0800d008   0x0800d008   0x00000088   Data   RO         5188    .constdata          m_ws.l(pow.o)
    0x0800d090   0x0800d090   0x00000008   Data   RO         5268    .constdata          m_ws.l(qnan.o)
    0x0800d098   0x0800d098   0x00000094   Data   RO         5407    .constdata          c_w.l(bigflt0.o)
    0x0800d12c   0x0800d12c   0x00000020   Data   RO         5525    Region$$Table       anon$$obj.o
    0x0800d14c   0x0800d14c   0x00000008   Data   RO         5435    c$$dinf             fz_ws.l(fpconst.o)
    0x0800d154   0x0800d154   0x00000008   Data   RO         5438    c$$dmax             fz_ws.l(fpconst.o)
    0x0800d15c   0x0800d15c   0x00000110   Data   RO         5298    locale$$data        c_w.l(lc_ctype_c.o)
    0x0800d26c   0x0800d26c   0x0000001c   Data   RO         5319    locale$$data        c_w.l(lc_numeric_c.o)


    Execution Region RW_IRAM1 (Exec base: 0x20000000, Load base: 0x0800d288, Size: 0x00004908, Max: 0x00005000, ABSOLUTE, COMPRESSED[0x000000e8])

    Exec Addr    Load Addr    Size         Type   Attr      Idx    E Section Name        Object

    0x20000000   COMPRESSED   0x00000008   Data   RW           17    .data               fonts.o
    0x20000008   COMPRESSED   0x00000008   Data   RW           18    .data               fonts.o
    0x20000010   COMPRESSED   0x00000006   Data   RW          244    .data               ssd1306.o
    0x20000016   COMPRESSED   0x00000002   PAD
    0x20000018   COMPRESSED   0x000000fc   Data   RW          473    .data               main.o
    0x20000114   COMPRESSED   0x0000000c   Data   RW         1519    .data               stm32f1xx_hal.o
    0x20000120   COMPRESSED   0x00000004   Data   RW         4235    .data               system_stm32f1xx.o
    0x20000124   COMPRESSED   0x0000001c   Data   RW         4310    .data               usbd_desc.o
    0x20000140   COMPRESSED   0x00000032   Data   RW         4311    .data               usbd_desc.o
    0x20000172   COMPRESSED   0x00000002   PAD
    0x20000174   COMPRESSED   0x00000010   Data   RW         4397    .data               usbd_cdc_if.o
    0x20000184   COMPRESSED   0x00000038   Data   RW         4398    .data               usbd_cdc_if.o
    0x200001bc   COMPRESSED   0x00000001   Data   RW         4808    .data               usbd_ctlreq.o
    0x200001bd   COMPRESSED   0x00000003   PAD
    0x200001c0   COMPRESSED   0x000000d7   Data   RW         4964    .data               usbd_cdc.o
    0x20000297   COMPRESSED   0x00000001   PAD
    0x20000298   COMPRESSED   0x00000038   Data   RW         4965    .data               usbd_cdc.o
    0x200002d0        -       0x00000410   Zero   RW          243    .bss                ssd1306.o
    0x200006e0        -       0x00003118   Zero   RW          469    .bss                main.o
    0x200037f8        -       0x00000040   Zero   RW          470    .bss                main.o
    0x20003838        -       0x00000020   Zero   RW         2223    .bss                stm32f1xx_hal_flash.o
    0x20003858        -       0x000002c4   Zero   RW         4270    .bss                usb_device.o
    0x20003b1c        -       0x00000200   Zero   RW         4309    .bss                usbd_desc.o
    0x20003d1c        -       0x00000080   Zero   RW         4396    .bss                usbd_cdc_if.o
    0x20003d9c        -       0x0000050c   Zero   RW         4476    .bss                usbd_conf.o
    0x200042a8        -       0x00000060   Zero   RW         5270    .bss                c_w.l(libspace.o)
    0x20004308        -       0x00000200   Zero   RW            2    HEAP                startup_stm32f103xb.o
    0x20004508        -       0x00000400   Zero   RW            1    STACK               startup_stm32f103xb.o


==============================================================================

Image component sizes


      Code (inc. data)   RO Data    RW Data    ZI Data      Debug   Object Name

         0          0       5320         16          0     454483   fonts.o
      9976       1926        256        252      12632      67393   main.o
        44          4        512          0          0       1296   modbus_crc.o
       974         54          0          6       1040       8959   ssd1306.o
        64         26        236          0       1536        828   startup_stm32f103xb.o
       164         28          0         12          0       6037   stm32f1xx_hal.o
       198         14          0          0          0      29043   stm32f1xx_hal_cortex.o
       222          4          0          0          0       1819   stm32f1xx_hal_dma.o
       392         46          0          0         32       4866   stm32f1xx_hal_flash.o
       240         26          0          0          0       3317   stm32f1xx_hal_flash_ex.o
       524         40          0          0          0       4194   stm32f1xx_hal_gpio.o
      1664         42          0          0          0      10509   stm32f1xx_hal_i2c.o
       492         60          0          0          0       3712   stm32f1xx_hal_msp.o
      2980          0          0          0          0      14137   stm32f1xx_hal_pcd.o
        60          0          0          0          0       1206   stm32f1xx_hal_pcd_ex.o
      1272        100          0          0          0       5292   stm32f1xx_hal_rcc.o
       236         12          0          0          0       1420   stm32f1xx_hal_rcc_ex.o
      1874         64          0          0          0      17498   stm32f1xx_hal_tim.o
       108         12          0          0          0       2437   stm32f1xx_hal_tim_ex.o
      1432         10          0          0          0      10768   stm32f1xx_hal_uart.o
       122         30          0          0          0       8142   stm32f1xx_it.o
      2758          0          0          0          0      16875   stm32f1xx_ll_usb.o
         2          0         24          4          0       1167   system_stm32f1xx.o
         0          0          0          0          0       1226   test.o
        84         18          0          0        708        828   usb_device.o
       834         16          0        271          0      13502   usbd_cdc.o
       808        128          0         72        128       5651   usbd_cdc_if.o
       574         26          0          0       1292      14721   usbd_conf.o
       710          0          0          0          0      10203   usbd_core.o
      1764         30          0          1          0      11556   usbd_ctlreq.o
       362        110          0         78        512       6849   usbd_desc.o
       132          0          0          0          0       4456   usbd_ioreq.o

    ----------------------------------------------------------------------
     31112       2826       6380        720      17880     744390   Object Totals
         0          0         32          0          0          0   (incl. Generated)
        46          0          0          8          0          0   (incl. Padding)

    ----------------------------------------------------------------------

      Code (inc. data)   RO Data    RW Data    ZI Data      Debug   Library Member Name

        90          0          0          0          0          0   __dczerorl2.o
         8          0          0          0          0         68   __main.o
       312          4         17          0          0         92   __printf_flags_wp.o
        14          0          0          0          0         68   __printf_wp.o
         0          0          0          0          0          0   __rtentry.o
        12          0          0          0          0          0   __rtentry2.o
         6          0          0          0          0          0   __rtentry4.o
        52          8          0          0          0          0   __scatter.o
        28          0          0          0          0          0   __scatter_zi.o
        28          0          0          0          0         68   _chval.o
        48          6          0          0          0         96   _printf_char_common.o
         6          0          0          0          0          0   _printf_d.o
       120         16          0          0          0         92   _printf_dec.o
        88          4         40          0          0         88   _printf_hex_int.o
       178          0          0          0          0         88   _printf_intcommon.o
        78          0          0          0          0        108   _printf_pad.o
         0          0          0          0          0          0   _printf_percent.o
         4          0          0          0          0          0   _printf_percent_end.o
         6          0          0          0          0          0   _printf_x.o
        22          0          0          0          0        100   _rserrno.o
        64          0          0          0          0         84   _sgetc.o
        10          0          0          0          0         68   _sputc.o
       158          0          0          0          0         92   _strtoul.o
        16          0          0          0          0         68   aeabi_memset.o
       228          4        148          0          0         96   bigflt0.o
      1924        136          0          0          0        756   btod.o
        18          0          0          0          0         80   exit.o
         6          0          0          0          0        152   heapauxi.o
         0          0          0          0          0          0   indicate_semi.o
        18          0          0          0          0         76   isspace.o
        44         10        272          0          0         76   lc_ctype_c.o
        44         10         28          0          0         76   lc_numeric_c.o
         2          0          0          0          0          0   libinit.o
        30          0          0          0          0          0   libinit2.o
         2          0          0          0          0          0   libshutdown.o
         2          0          0          0          0          0   libshutdown2.o
         8          4          0          0         96         68   libspace.o
        38          0          0          0          0         68   llshl.o
        38          0          0          0          0         68   llushr.o
        40          6          0          0          0         84   noretval__2sprintf.o
        16          4          0          0          0         76   rt_ctype_table.o
         8          4          0          0          0         68   rt_errno_addr_intlibspace.o
         8          4          0          0          0         68   rt_locale_intlibspace.o
        68          0          0          0          0         68   rt_memclr.o
        78          0          0          0          0         80   rt_memclr_w.o
       138          0          0          0          0         68   rt_memcpy_v6.o
       100          0          0          0          0         80   rt_memcpy_w.o
         2          0          0          0          0          0   rtexit.o
        10          0          0          0          0          0   rtexit2.o
      1272         16          0          0          0        168   scanf_fp.o
       800         14          0          0          0        100   scanf_hexfp.o
       308         16          0          0          0        100   scanf_infnan.o
        24          0          0          0          0         68   strcat.o
       128          0          0          0          0         68   strcmpv7m.o
       164         14          0          0          0        120   strtod.o
        26          0          0          0          0         80   strtof.o
       112          0          0          0          0         88   strtol.o
        12          4          0          0          0         68   sys_exit.o
        74          0          0          0          0         80   sys_stackheap_outer.o
         2          0          0          0          0         68   use_no_semi.o
        98          4          0          0          0         92   d2f.o
       826         16          0          0          0        348   daddsub_clz.o
        16          4          0          0          0         68   dcheck1.o
        24          0          0          0          0         68   dcmpi.o
       688        140          0          0          0        208   ddiv.o
       120          4          0          0          0         92   deqf.o
        94          4          0          0          0         92   dfix.o
        46          0          0          0          0         68   dflt_clz.o
       120          4          0          0          0         92   dleqf.o
       340         12          0          0          0        104   dmul.o
       156          4          0          0          0         92   dnaninf.o
       336         12          0          0          0         88   drem_clz.o
        12          0          0          0          0         68   dretinf.o
       108          0          0          0          0         80   drleqf.o
       460         56          0          0          0        120   dsqrt_noumaal.o
        86          4          0          0          0         84   f2d.o
       450          8          0          0          0        236   faddsub_clz.o
        24          0          0          0          0         68   fcmpi.o
       388         76          0          0          0         96   fdiv.o
        54          4          0          0          0         84   ffix.o
        48          0          0          0          0         68   fflt_clz.o
       104          4          0          0          0         84   fleqf.o
       140          4          0          0          0         84   fnaninf.o
         0          0         16          0          0          0   fpconst.o
        10          0          0          0          0         68   fretinf.o
        98          0          0          0          0         68   frleqf.o
         6          0          0          0          0         68   istatus.o
       100          0          0          0          0         68   retnan.o
        92          0          0          0          0         68   scalbn.o
         4          0          0          0          0         68   scanf1.o
         8          0          0          0          0         84   scanf2.o
        48          0          0          0          0         68   trapv.o
         0          0          0          0          0          0   usenofp.o
        62         10          0          0          0        340   dunder.o
       148          4          0          0          0         88   fmod.o
        40          0          0          0          0         68   fpclassify.o
        88          8          0          0          0         76   frexp.o
       138          0          0          0          0        160   ldexp.o
       204          4          0          0          0        168   narrow.o
       170          0          0          0          0         96   poly.o
      2520        190        136          0          0        324   pow.o
         0          0          8          0          0          0   qnan.o
        76          0          0          0          0         84   sqrt.o
        20          0          0          0          0         76   strtof.o

    ----------------------------------------------------------------------
     15736        860        668          0         96       8820   Library Totals
        26          0          3          0          0          0   (incl. Padding)

    ----------------------------------------------------------------------

      Code (inc. data)   RO Data    RW Data    ZI Data      Debug   Library Name

      7140        284        505          0         96       4296   c_w.l
      5104        360         16          0          0       3044   fz_ws.l
      3466        216        144          0          0       1480   m_ws.l

    ----------------------------------------------------------------------
     15736        860        668          0         96       8820   Library Totals

    ----------------------------------------------------------------------

==============================================================================


      Code (inc. data)   RO Data    RW Data    ZI Data      Debug   

     46848       3686       7048        720      17976     733758   Grand Totals
     46848       3686       7048        232      17976     733758   ELF Image Totals (compressed)
     46848       3686       7048        232          0          0   ROM Totals

==============================================================================

    Total RO  Size (Code + RO Data)                53896 (  52.63kB)
    Total RW  Size (RW Data + ZI Data)             18696 (  18.26kB)
    Total ROM Size (Code + RO Data + RW Data)      54128 (  52.86kB)

==============================================================================

